<?xml version="1.0" encoding="utf-8"?>
<TestRun id="fef73abd-20bf-46bf-b62a-d5da0c950af7" name="@c2756152e150 2026-08-21 04:49:48" xmlns="http://microsoft.com/schemas/VisualStudio/TeamTest/2010">
  <Times creation="2026-08-21T04:49:48.1390216+02:00" queuing="2026-08-21T04:49:48.1390216+02:00" start="2026-08-21T04:49:47.7854656+02:00" finish="2026-08-21T04:49:48.1581483+02:00" />
  <TestSettings name="default" id="a8251dc1-65fd-4a33-85f9-3bbe1c2aa85b">
    <Deployment runDeploymentRoot="_c2756152e150_2026-08-21_04_49_48" />
  </TestSettings>
  <Results>
    <UnitTestResult executionId="10a9d166-dc73-4b69-97d2-27ba880bdac7" testId="6d0a18a6-fd9d-a95f-b61b-a5638d62dc9f" testName="FS.GG.Coord.Core.Tests.ReviewWaitTests.2756 bounded timeout returns an explicit recoverable state" computerName="c2756152e150" duration="00:00:00.0000982" startTime="2026-08-21T04:49:48.1162012+02:00" endTime="2026-08-21T04:49:48.1162080+02:00" testType="13cdc9d9-ddb5-4fa4-a97d-d965ccfc6d4b" outcome="Passed" testListId="8c84fa94-04c1-424b-9868-57a2d4851a1d" relativeResultsDirectory="10a9d166-dc73-4b69-97d2-27ba880bdac7" />
    <UnitTestResult executionId="35903a3a-e6e3-46cf-98f1-7c3b4bfb0339" testId="19dc96f4-3412-00d5-6f35-0391fa3e97f5" testName="FS.GG.Coord.Core.Tests.ReviewWaitTests.2756 a new generation is admitted after the preceding one is consumed" computerName="c2756152e150" duration="00:00:00.0001611" startTime="2026-08-21T04:49:48.1163019+02:00" endTime="2026-08-21T04:49:48.1163099+02:00" testType="13cdc9d9-ddb5-4fa4-a97d-d965ccfc6d4b" outcome="Passed" testListId="8c84fa94-04c1-424b-9868-57a2d4851a1d" relativeResultsDirectory="35903a3a-e6e3-46cf-98f1-7c3b4bfb0339" />
    <UnitTestResult executionId="69ec3d27-f408-49e6-bbb8-0b4c0cfd2e2f" testId="aa703a1a-4442-54c1-9a38-3045b09bd9e5" testName="FS.GG.Coord.Core.Tests.ReviewWaitTests.2756 first durable terminal wins even when a later comment is backdated" computerName="c2756152e150" duration="00:00:00.0001830" startTime="2026-08-21T04:49:48.1162506+02:00" endTime="2026-08-21T04:49:48.1162581+02:00" testType="13cdc9d9-ddb5-4fa4-a97d-d965ccfc6d4b" outcome="Passed" testListId="8c84fa94-04c1-424b-9868-57a2d4851a1d" relativeResultsDirectory="69ec3d27-f408-49e6-bbb8-0b4c0cfd2e2f" />
    <UnitTestResult executionId="49a59ecc-29ed-41c3-98b9-451ad20f90d3" testId="e3768873-49a3-aa63-e9bc-0e6fee131b49" testName="FS.GG.Coord.Core.Tests.ReviewWaitTests.2756 a terminal event cannot hide a changed claim generation" computerName="c2756152e150" duration="00:00:00.0000998" startTime="2026-08-21T04:49:48.1199517+02:00" endTime="2026-08-21T04:49:48.1199638+02:00" testType="13cdc9d9-ddb5-4fa4-a97d-d965ccfc6d4b" outcome="Passed" testListId="8c84fa94-04c1-424b-9868-57a2d4851a1d" relativeResultsDirectory="49a59ecc-29ed-41c3-98b9-451ad20f90d3" />
    <UnitTestResult executionId="01550f7f-f097-4244-bdc0-3fe813d87222" testId="cbe6b380-dac9-af9a-f894-fc65bb972339" testName="FS.GG.Coord.Core.Tests.ReviewWaitTests.2756 completion recorded before expiry wins a later timeout race" computerName="c2756152e150" duration="00:00:00.0001814" startTime="2026-08-21T04:49:48.1215170+02:00" endTime="2026-08-21T04:49:48.1216754+02:00" testType="13cdc9d9-ddb5-4fa4-a97d-d965ccfc6d4b" outcome="Passed" testListId="8c84fa94-04c1-424b-9868-57a2d4851a1d" relativeResultsDirectory="01550f7f-f097-4244-bdc0-3fe813d87222" />
    <UnitTestResult executionId="2eec6bcb-463c-4774-b002-41f006ffe600" testId="ee4fd9cb-0028-3757-fcba-de34dcc2a40b" testName="FS.GG.Coord.Core.Tests.ReviewWaitTests.2756 a current receipt reserves after the active lease duration" computerName="c2756152e150" duration="00:00:00.0006454" startTime="2026-08-21T04:49:48.1156746+02:00" endTime="2026-08-21T04:49:48.1156953+02:00" testType="13cdc9d9-ddb5-4fa4-a97d-d965ccfc6d4b" outcome="Passed" testListId="8c84fa94-04c1-424b-9868-57a2d4851a1d" relativeResultsDirectory="2eec6bcb-463c-4774-b002-41f006ffe600" />
    <UnitTestResult executionId="a69b81ae-8efb-4f3c-a26d-31d229530c4c" testId="fde1b733-5a69-c9ee-95f8-ffb1a27dc3b7" testName="FS.GG.Coord.Core.Tests.ReviewWaitTests.2756 a premature timeout cannot consume the bounded wait" computerName="c2756152e150" duration="00:00:00.0014047" startTime="2026-08-21T04:49:48.1159697+02:00" endTime="2026-08-21T04:49:48.1159786+02:00" testType="13cdc9d9-ddb5-4fa4-a97d-d965ccfc6d4b" outcome="Passed" testListId="8c84fa94-04c1-424b-9868-57a2d4851a1d" relativeResultsDirectory="a69b81ae-8efb-4f3c-a26d-31d229530c4c" />
    <UnitTestResult executionId="17a6b92c-a83c-4fc0-b57d-6828e3f42b81" testId="3942fa53-4e3c-8028-c7f3-d428bed9b498" testName="FS.GG.Coord.Core.Tests.ReviewWaitTests.2756 receipt is bounded and cannot reserve forever" computerName="c2756152e150" duration="00:00:00.0001558" startTime="2026-08-21T04:49:48.1161497+02:00" endTime="2026-08-21T04:49:48.1161563+02:00" testType="13cdc9d9-ddb5-4fa4-a97d-d965ccfc6d4b" outcome="Passed" testListId="8c84fa94-04c1-424b-9868-57a2d4851a1d" relativeResultsDirectory="17a6b92c-a83c-4fc0-b57d-6828e3f42b81" />
    <UnitTestResult executionId="5f8b02ec-a616-4156-abb2-21a701c47f2a" testId="479f4514-6e03-5daa-536f-c74fd65b6478" testName="FS.GG.Coord.Core.Tests.ReviewWaitTests.2756 an orphan terminal is invalid rather than no receipt" computerName="c2756152e150" duration="00:00:00.0000812" startTime="2026-08-21T04:49:48.1200913+02:00" endTime="2026-08-21T04:49:48.1200999+02:00" testType="13cdc9d9-ddb5-4fa4-a97d-d965ccfc6d4b" outcome="Passed" testListId="8c84fa94-04c1-424b-9868-57a2d4851a1d" relativeResultsDirectory="5f8b02ec-a616-4156-abb2-21a701c47f2a" />
    <UnitTestResult executionId="abb20601-1174-4596-913c-136b79895ad8" testId="6d9ce047-4ef0-1445-212f-16363a352748" testName="FS.GG.Coord.Core.Tests.ReviewWaitTests.2756 a malformed authoritative marker fails closed" computerName="c2756152e150" duration="00:00:00.0007605" startTime="2026-08-21T04:49:48.1160977+02:00" endTime="2026-08-21T04:49:48.1161049+02:00" testType="13cdc9d9-ddb5-4fa4-a97d-d965ccfc6d4b" outcome="Passed" testListId="8c84fa94-04c1-424b-9868-57a2d4851a1d" relativeResultsDirectory="abb20601-1174-4596-913c-136b79895ad8" />
    <UnitTestResult executionId="ec1c5468-f96d-49cb-939d-025fcc2492c0" testId="59fff261-6e71-dfe3-a0a2-40c9ed2d12af" testName="FS.GG.Coord.Core.Tests.ReviewWaitTests.2756 a changed claim generation never resurrects mutation authority" computerName="c2756152e150" duration="00:00:00.0118733" startTime="2026-08-21T04:49:48.0957732+02:00" endTime="2026-08-21T04:49:48.1105458+02:00" testType="13cdc9d9-ddb5-4fa4-a97d-d965ccfc6d4b" outcome="Passed" testListId="8c84fa94-04c1-424b-9868-57a2d4851a1d" relativeResultsDirectory="ec1c5468-f96d-49cb-939d-025fcc2492c0" />
    <UnitTestResult executionId="57cac5e2-b493-4566-ac6c-70cf72f9b89d" testId="5abe4bc0-7d70-6224-45c2-58a0029109df" testName="FS.GG.Coord.Core.Tests.ReviewWaitTests.2756 two different unconsumed generations are invalid rather than latest wins" computerName="c2756152e150" duration="00:00:00.0005714" startTime="2026-08-21T04:49:48.1160445+02:00" endTime="2026-08-21T04:49:48.1160516+02:00" testType="13cdc9d9-ddb5-4fa4-a97d-d965ccfc6d4b" outcome="Passed" testListId="8c84fa94-04c1-424b-9868-57a2d4851a1d" relativeResultsDirectory="57cac5e2-b493-4566-ac6c-70cf72f9b89d" />
    <UnitTestResult executionId="abdf5dec-9825-47ea-915e-29cbd2353e43" testId="89bff85b-2be1-6b12-24a8-7d8e4fa54d7a" testName="FS.GG.Coord.Core.Tests.ReviewWaitTests.2756 entering a queue writes a round-trippable receipt" computerName="c2756152e150" duration="00:00:00.0063389" startTime="2026-08-21T04:49:48.1201526+02:00" endTime="2026-08-21T04:49:48.1214697+02:00" testType="13cdc9d9-ddb5-4fa4-a97d-d965ccfc6d4b" outcome="Passed" testListId="8c84fa94-04c1-424b-9868-57a2d4851a1d" relativeResultsDirectory="abdf5dec-9825-47ea-915e-29cbd2353e43" />
  </Results>
  <TestDefinitions>
    <UnitTest name="FS.GG.Coord.Core.Tests.ReviewWaitTests.2756 bounded timeout returns an explicit recoverable state" storage="/home/developer/projects/.github-wt-2756-plover/tests/fs.gg.coord.core.tests/bin/release/net10.0/fs.gg.coord.core.tests.dll" id="6d0a18a6-fd9d-a95f-b61b-a5638d62dc9f">
      <Execution id="10a9d166-dc73-4b69-97d2-27ba880bdac7" />
      <TestMethod codeBase="/home/developer/projects/.github-wt-2756-plover/tests/FS.GG.Coord.Core.Tests/bin/Release/net10.0/FS.GG.Coord.Core.Tests.dll" adapterTypeName="executor://xunit/VsTestRunner3/netcore/" className="FS.GG.Coord.Core.Tests.ReviewWaitTests" name="2756 bounded timeout returns an explicit recoverable state" />
    </UnitTest>
    <UnitTest name="FS.GG.Coord.Core.Tests.ReviewWaitTests.2756 completion recorded before expiry wins a later timeout race" storage="/home/developer/projects/.github-wt-2756-plover/tests/fs.gg.coord.core.tests/bin/release/net10.0/fs.gg.coord.core.tests.dll" id="cbe6b380-dac9-af9a-f894-fc65bb972339">
      <Execution id="01550f7f-f097-4244-bdc0-3fe813d87222" />
      <TestMethod codeBase="/home/developer/projects/.github-wt-2756-plover/tests/FS.GG.Coord.Core.Tests/bin/Release/net10.0/FS.GG.Coord.Core.Tests.dll" adapterTypeName="executor://xunit/VsTestRunner3/netcore/" className="FS.GG.Coord.Core.Tests.ReviewWaitTests" name="2756 completion recorded before expiry wins a later timeout race" />
    </UnitTest>
    <UnitTest name="FS.GG.Coord.Core.Tests.ReviewWaitTests.2756 entering a queue writes a round-trippable receipt" storage="/home/developer/projects/.github-wt-2756-plover/tests/fs.gg.coord.core.tests/bin/release/net10.0/fs.gg.coord.core.tests.dll" id="89bff85b-2be1-6b12-24a8-7d8e4fa54d7a">
      <Execution id="abdf5dec-9825-47ea-915e-29cbd2353e43" />
      <TestMethod codeBase="/home/developer/projects/.github-wt-2756-plover/tests/FS.GG.Coord.Core.Tests/bin/Release/net10.0/FS.GG.Coord.Core.Tests.dll" adapterTypeName="executor://xunit/VsTestRunner3/netcore/" className="FS.GG.Coord.Core.Tests.ReviewWaitTests" name="2756 entering a queue writes a round-trippable receipt" />
    </UnitTest>
    <UnitTest name="FS.GG.Coord.Core.Tests.ReviewWaitTests.2756 a malformed authoritative marker fails closed" storage="/home/developer/projects/.github-wt-2756-plover/tests/fs.gg.coord.core.tests/bin/release/net10.0/fs.gg.coord.core.tests.dll" id="6d9ce047-4ef0-1445-212f-16363a352748">
      <Execution id="abb20601-1174-4596-913c-136b79895ad8" />
      <TestMethod codeBase="/home/developer/projects/.github-wt-2756-plover/tests/FS.GG.Coord.Core.Tests/bin/Release/net10.0/FS.GG.Coord.Core.Tests.dll" adapterTypeName="executor://xunit/VsTestRunner3/netcore/" className="FS.GG.Coord.Core.Tests.ReviewWaitTests" name="2756 a malformed authoritative marker fails closed" />
    </UnitTest>
    <UnitTest name="FS.GG.Coord.Core.Tests.ReviewWaitTests.2756 a new generation is admitted after the preceding one is consumed" storage="/home/developer/projects/.github-wt-2756-plover/tests/fs.gg.coord.core.tests/bin/release/net10.0/fs.gg.coord.core.tests.dll" id="19dc96f4-3412-00d5-6f35-0391fa3e97f5">
      <Execution id="35903a3a-e6e3-46cf-98f1-7c3b4bfb0339" />
      <TestMethod codeBase="/home/developer/projects/.github-wt-2756-plover/tests/FS.GG.Coord.Core.Tests/bin/Release/net10.0/FS.GG.Coord.Core.Tests.dll" adapterTypeName="executor://xunit/VsTestRunner3/netcore/" className="FS.GG.Coord.Core.Tests.ReviewWaitTests" name="2756 a new generation is admitted after the preceding one is consumed" />
    </UnitTest>
    <UnitTest name="FS.GG.Coord.Core.Tests.ReviewWaitTests.2756 two different unconsumed generations are invalid rather than latest wins" storage="/home/developer/projects/.github-wt-2756-plover/tests/fs.gg.coord.core.tests/bin/release/net10.0/fs.gg.coord.core.tests.dll" id="5abe4bc0-7d70-6224-45c2-58a0029109df">
      <Execution id="57cac5e2-b493-4566-ac6c-70cf72f9b89d" />
      <TestMethod codeBase="/home/developer/projects/.github-wt-2756-plover/tests/FS.GG.Coord.Core.Tests/bin/Release/net10.0/FS.GG.Coord.Core.Tests.dll" adapterTypeName="executor://xunit/VsTestRunner3/netcore/" className="FS.GG.Coord.Core.Tests.ReviewWaitTests" name="2756 two different unconsumed generations are invalid rather than latest wins" />
    </UnitTest>
    <UnitTest name="FS.GG.Coord.Core.Tests.ReviewWaitTests.2756 receipt is bounded and cannot reserve forever" storage="/home/developer/projects/.github-wt-2756-plover/tests/fs.gg.coord.core.tests/bin/release/net10.0/fs.gg.coord.core.tests.dll" id="3942fa53-4e3c-8028-c7f3-d428bed9b498">
      <Execution id="17a6b92c-a83c-4fc0-b57d-6828e3f42b81" />
      <TestMethod codeBase="/home/developer/projects/.github-wt-2756-plover/tests/FS.GG.Coord.Core.Tests/bin/Release/net10.0/FS.GG.Coord.Core.Tests.dll" adapterTypeName="executor://xunit/VsTestRunner3/netcore/" className="FS.GG.Coord.Core.Tests.ReviewWaitTests" name="2756 receipt is bounded and cannot reserve forever" />
    </UnitTest>
    <UnitTest name="FS.GG.Coord.Core.Tests.ReviewWaitTests.2756 an orphan terminal is invalid rather than no receipt" storage="/home/developer/projects/.github-wt-2756-plover/tests/fs.gg.coord.core.tests/bin/release/net10.0/fs.gg.coord.core.tests.dll" id="479f4514-6e03-5daa-536f-c74fd65b6478">
      <Execution id="5f8b02ec-a616-4156-abb2-21a701c47f2a" />
      <TestMethod codeBase="/home/developer/projects/.github-wt-2756-plover/tests/FS.GG.Coord.Core.Tests/bin/Release/net10.0/FS.GG.Coord.Core.Tests.dll" adapterTypeName="executor://xunit/VsTestRunner3/netcore/" className="FS.GG.Coord.Core.Tests.ReviewWaitTests" name="2756 an orphan terminal is invalid rather than no receipt" />
    </UnitTest>
    <UnitTest name="FS.GG.Coord.Core.Tests.ReviewWaitTests.2756 a terminal event cannot hide a changed claim generation" storage="/home/developer/projects/.github-wt-2756-plover/tests/fs.gg.coord.core.tests/bin/release/net10.0/fs.gg.coord.core.tests.dll" id="e3768873-49a3-aa63-e9bc-0e6fee131b49">
      <Execution id="49a59ecc-29ed-41c3-98b9-451ad20f90d3" />
      <TestMethod codeBase="/home/developer/projects/.github-wt-2756-plover/tests/FS.GG.Coord.Core.Tests/bin/Release/net10.0/FS.GG.Coord.Core.Tests.dll" adapterTypeName="executor://xunit/VsTestRunner3/netcore/" className="FS.GG.Coord.Core.Tests.ReviewWaitTests" name="2756 a terminal event cannot hide a changed claim generation" />
    </UnitTest>
    <UnitTest name="FS.GG.Coord.Core.Tests.ReviewWaitTests.2756 a changed claim generation never resurrects mutation authority" storage="/home/developer/projects/.github-wt-2756-plover/tests/fs.gg.coord.core.tests/bin/release/net10.0/fs.gg.coord.core.tests.dll" id="59fff261-6e71-dfe3-a0a2-40c9ed2d12af">
      <Execution id="ec1c5468-f96d-49cb-939d-025fcc2492c0" />
      <TestMethod codeBase="/home/developer/projects/.github-wt-2756-plover/tests/FS.GG.Coord.Core.Tests/bin/Release/net10.0/FS.GG.Coord.Core.Tests.dll" adapterTypeName="executor://xunit/VsTestRunner3/netcore/" className="FS.GG.Coord.Core.Tests.ReviewWaitTests" name="2756 a changed claim generation never resurrects mutation authority" />
    </UnitTest>
    <UnitTest name="FS.GG.Coord.Core.Tests.ReviewWaitTests.2756 first durable terminal wins even when a later comment is backdated" storage="/home/developer/projects/.github-wt-2756-plover/tests/fs.gg.coord.core.tests/bin/release/net10.0/fs.gg.coord.core.tests.dll" id="aa703a1a-4442-54c1-9a38-3045b09bd9e5">
      <Execution id="69ec3d27-f408-49e6-bbb8-0b4c0cfd2e2f" />
      <TestMethod codeBase="/home/developer/projects/.github-wt-2756-plover/tests/FS.GG.Coord.Core.Tests/bin/Release/net10.0/FS.GG.Coord.Core.Tests.dll" adapterTypeName="executor://xunit/VsTestRunner3/netcore/" className="FS.GG.Coord.Core.Tests.ReviewWaitTests" name="2756 first durable terminal wins even when a later comment is backdated" />
    </UnitTest>
    <UnitTest name="FS.GG.Coord.Core.Tests.ReviewWaitTests.2756 a current receipt reserves after the active lease duration" storage="/home/developer/projects/.github-wt-2756-plover/tests/fs.gg.coord.core.tests/bin/release/net10.0/fs.gg.coord.core.tests.dll" id="ee4fd9cb-0028-3757-fcba-de34dcc2a40b">
      <Execution id="2eec6bcb-463c-4774-b002-41f006ffe600" />
      <TestMethod codeBase="/home/developer/projects/.github-wt-2756-plover/tests/FS.GG.Coord.Core.Tests/bin/Release/net10.0/FS.GG.Coord.Core.Tests.dll" adapterTypeName="executor://xunit/VsTestRunner3/netcore/" className="FS.GG.Coord.Core.Tests.ReviewWaitTests" name="2756 a current receipt reserves after the active lease duration" />
    </UnitTest>
    <UnitTest name="FS.GG.Coord.Core.Tests.ReviewWaitTests.2756 a premature timeout cannot consume the bounded wait" storage="/home/developer/projects/.github-wt-2756-plover/tests/fs.gg.coord.core.tests/bin/release/net10.0/fs.gg.coord.core.tests.dll" id="fde1b733-5a69-c9ee-95f8-ffb1a27dc3b7">
      <Execution id="a69b81ae-8efb-4f3c-a26d-31d229530c4c" />
      <TestMethod codeBase="/home/developer/projects/.github-wt-2756-plover/tests/FS.GG.Coord.Core.Tests/bin/Release/net10.0/FS.GG.Coord.Core.Tests.dll" adapterTypeName="executor://xunit/VsTestRunner3/netcore/" className="FS.GG.Coord.Core.Tests.ReviewWaitTests" name="2756 a premature timeout cannot consume the bounded wait" />
    </UnitTest>
  </TestDefinitions>
  <TestEntries>
    <TestEntry testId="6d0a18a6-fd9d-a95f-b61b-a5638d62dc9f" executionId="10a9d166-dc73-4b69-97d2-27ba880bdac7" testListId="8c84fa94-04c1-424b-9868-57a2d4851a1d" />
    <TestEntry testId="19dc96f4-3412-00d5-6f35-0391fa3e97f5" executionId="35903a3a-e6e3-46cf-98f1-7c3b4bfb0339" testListId="8c84fa94-04c1-424b-9868-57a2d4851a1d" />
    <TestEntry testId="aa703a1a-4442-54c1-9a38-3045b09bd9e5" executionId="69ec3d27-f408-49e6-bbb8-0b4c0cfd2e2f" testListId="8c84fa94-04c1-424b-9868-57a2d4851a1d" />
    <TestEntry testId="e3768873-49a3-aa63-e9bc-0e6fee131b49" executionId="49a59ecc-29ed-41c3-98b9-451ad20f90d3" testListId="8c84fa94-04c1-424b-9868-57a2d4851a1d" />
    <TestEntry testId="cbe6b380-dac9-af9a-f894-fc65bb972339" executionId="01550f7f-f097-4244-bdc0-3fe813d87222" testListId="8c84fa94-04c1-424b-9868-57a2d4851a1d" />
    <TestEntry testId="ee4fd9cb-0028-3757-fcba-de34dcc2a40b" executionId="2eec6bcb-463c-4774-b002-41f006ffe600" testListId="8c84fa94-04c1-424b-9868-57a2d4851a1d" />
    <TestEntry testId="fde1b733-5a69-c9ee-95f8-ffb1a27dc3b7" executionId="a69b81ae-8efb-4f3c-a26d-31d229530c4c" testListId="8c84fa94-04c1-424b-9868-57a2d4851a1d" />
    <TestEntry testId="3942fa53-4e3c-8028-c7f3-d428bed9b498" executionId="17a6b92c-a83c-4fc0-b57d-6828e3f42b81" testListId="8c84fa94-04c1-424b-9868-57a2d4851a1d" />
    <TestEntry testId="479f4514-6e03-5daa-536f-c74fd65b6478" executionId="5f8b02ec-a616-4156-abb2-21a701c47f2a" testListId="8c84fa94-04c1-424b-9868-57a2d4851a1d" />
    <TestEntry testId="6d9ce047-4ef0-1445-212f-16363a352748" executionId="abb20601-1174-4596-913c-136b79895ad8" testListId="8c84fa94-04c1-424b-9868-57a2d4851a1d" />
    <TestEntry testId="59fff261-6e71-dfe3-a0a2-40c9ed2d12af" executionId="ec1c5468-f96d-49cb-939d-025fcc2492c0" testListId="8c84fa94-04c1-424b-9868-57a2d4851a1d" />
    <TestEntry testId="5abe4bc0-7d70-6224-45c2-58a0029109df" executionId="57cac5e2-b493-4566-ac6c-70cf72f9b89d" testListId="8c84fa94-04c1-424b-9868-57a2d4851a1d" />
    <TestEntry testId="89bff85b-2be1-6b12-24a8-7d8e4fa54d7a" executionId="abdf5dec-9825-47ea-915e-29cbd2353e43" testListId="8c84fa94-04c1-424b-9868-57a2d4851a1d" />
  </TestEntries>
  <TestLists>
    <TestList name="Results Not in a List" id="8c84fa94-04c1-424b-9868-57a2d4851a1d" />
    <TestList name="All Loaded Results" id="19431567-8539-422a-85d7-44ee4e166bda" />
  </TestLists>
  <ResultSummary outcome="Completed">
    <Counters total="13" executed="13" passed="13" failed="0" error="0" timeout="0" aborted="0" inconclusive="0" passedButRunAborted="0" notRunnable="0" notExecuted="0" disconnected="0" warning="0" completed="0" inProgress="0" pending="0" />
    <Output>
      <StdOut>[xUnit.net 00:00:00.00] xUnit.net VSTest Adapter v3.1.5+1b188a7b0a (64-bit .NET 10.0.10)
[xUnit.net 00:00:00.05]   Discovering: FS.GG.Coord.Core.Tests
[xUnit.net 00:00:00.10]   Discovered:  FS.GG.Coord.Core.Tests
[xUnit.net 00:00:00.12]   Starting:    FS.GG.Coord.Core.Tests
[xUnit.net 00:00:00.16]   Finished:    FS.GG.Coord.Core.Tests
</StdOut>
    </Output>
  </ResultSummary>
</TestRun>