<?xml version="1.0" encoding="utf-8"?>
<TestRun id="f754b315-9b73-487c-931c-5574a1e78647" name="@c2756152e150 2026-08-21 11:48:29" xmlns="http://microsoft.com/schemas/VisualStudio/TeamTest/2010">
  <Times creation="2026-08-21T11:48:29.4127993+02:00" queuing="2026-08-21T11:48:29.4127993+02:00" start="2026-08-21T11:48:29.0387331+02:00" finish="2026-08-21T11:48:29.4374345+02:00" />
  <TestSettings name="default" id="7ca8878c-2118-410c-a886-c6cf90997cb6">
    <Deployment runDeploymentRoot="_c2756152e150_2026-08-21_11_48_29" />
  </TestSettings>
  <Results>
    <UnitTestResult executionId="76843eae-898b-49d5-9120-770263e8e0b3" testId="59fff261-6e71-dfe3-a0a2-40c9ed2d12af" testName="FS.GG.Coord.Core.Tests.ReviewWaitTests.2756 a changed claim generation never resurrects mutation authority" computerName="c2756152e150" duration="00:00:00.0112958" startTime="2026-08-21T11:48:29.3671598+02:00" endTime="2026-08-21T11:48:29.3813888+02:00" testType="13cdc9d9-ddb5-4fa4-a97d-d965ccfc6d4b" outcome="Passed" testListId="8c84fa94-04c1-424b-9868-57a2d4851a1d" relativeResultsDirectory="76843eae-898b-49d5-9120-770263e8e0b3" />
    <UnitTestResult executionId="a0c6c198-5251-470d-877d-31d4b18b4d86" testId="ae7fef02-9280-5f11-6ef2-04bc995d4231" testName="FS.GG.Coord.Core.Tests.ReviewWaitTests.2797 claim turnover preserves no non-exhaustion generation(generation: &quot;847fa413d013df600c1dde084b66154ba86ece28:repair-co&quot;···)" computerName="c2756152e150" duration="00:00:00.0000052" startTime="2026-08-21T11:48:29.3876499+02:00" endTime="2026-08-21T11:48:29.3876562+02:00" testType="13cdc9d9-ddb5-4fa4-a97d-d965ccfc6d4b" outcome="Passed" testListId="8c84fa94-04c1-424b-9868-57a2d4851a1d" relativeResultsDirectory="a0c6c198-5251-470d-877d-31d4b18b4d86" />
    <UnitTestResult executionId="c4d8b182-3900-4fa3-bf20-2721a463dc93" testId="840a1dac-786f-9b9f-8577-dff94c56333a" testName="FS.GG.Coord.Core.Tests.ReviewWaitTests.2797 an uncompleted round three remains non-authoritative after claim turnover" computerName="c2756152e150" duration="00:00:00.0064764" startTime="2026-08-21T11:48:29.3929419+02:00" endTime="2026-08-21T11:48:29.3935946+02:00" testType="13cdc9d9-ddb5-4fa4-a97d-d965ccfc6d4b" outcome="Passed" testListId="8c84fa94-04c1-424b-9868-57a2d4851a1d" relativeResultsDirectory="c4d8b182-3900-4fa3-bf20-2721a463dc93" />
    <UnitTestResult executionId="df7d3a68-d9af-4e17-888e-9e91a4f12fea" testId="6d9ce047-4ef0-1445-212f-16363a352748" testName="FS.GG.Coord.Core.Tests.ReviewWaitTests.2756 a malformed authoritative marker fails closed" computerName="c2756152e150" duration="00:00:00.0010540" startTime="2026-08-21T11:48:29.3875169+02:00" endTime="2026-08-21T11:48:29.3875242+02:00" testType="13cdc9d9-ddb5-4fa4-a97d-d965ccfc6d4b" outcome="Passed" testListId="8c84fa94-04c1-424b-9868-57a2d4851a1d" relativeResultsDirectory="df7d3a68-d9af-4e17-888e-9e91a4f12fea" />
    <UnitTestResult executionId="1cc0651b-2938-4656-9dee-e4cd55727fa1" testId="cbe6b380-dac9-af9a-f894-fc65bb972339" testName="FS.GG.Coord.Core.Tests.ReviewWaitTests.2756 completion recorded before expiry wins a later timeout race" computerName="c2756152e150" duration="00:00:00.0001430" startTime="2026-08-21T11:48:29.4012047+02:00" endTime="2026-08-21T11:48:29.4012146+02:00" testType="13cdc9d9-ddb5-4fa4-a97d-d965ccfc6d4b" outcome="Passed" testListId="8c84fa94-04c1-424b-9868-57a2d4851a1d" relativeResultsDirectory="1cc0651b-2938-4656-9dee-e4cd55727fa1" />
    <UnitTestResult executionId="849cf5b6-89c1-416c-af91-8ab1e907cbae" testId="633379d4-71e0-97bc-ea81-82dbc16fc320" testName="FS.GG.Coord.Core.Tests.ReviewWaitTests.2797 claim turnover preserves no non-exhaustion generation(generation: &quot;zzzzzzzzzzzzzzzzzzzzzzzzzzzzzzzzzzzzzzzz:repair-co&quot;···)" computerName="c2756152e150" duration="00:00:00.0009496" startTime="2026-08-21T11:48:29.3875702+02:00" endTime="2026-08-21T11:48:29.3875768+02:00" testType="13cdc9d9-ddb5-4fa4-a97d-d965ccfc6d4b" outcome="Passed" testListId="8c84fa94-04c1-424b-9868-57a2d4851a1d" relativeResultsDirectory="849cf5b6-89c1-416c-af91-8ab1e907cbae" />
    <UnitTestResult executionId="743dfd18-2d98-4aa5-bd73-d885f88147e6" testId="7a8a9930-c2c5-f40f-cbd3-c1c4d5b0b9ff" testName="FS.GG.Coord.Core.Tests.ReviewWaitTests.2797 completed ordinary round three survives claim turnover as exhaustion evidence" computerName="c2756152e150" duration="00:00:00.0018761" startTime="2026-08-21T11:48:29.3940863+02:00" endTime="2026-08-21T11:48:29.3959403+02:00" testType="13cdc9d9-ddb5-4fa4-a97d-d965ccfc6d4b" outcome="Passed" testListId="8c84fa94-04c1-424b-9868-57a2d4851a1d" relativeResultsDirectory="743dfd18-2d98-4aa5-bd73-d885f88147e6" />
    <UnitTestResult executionId="67508315-f643-447d-a661-212da41ed68b" testId="19dc96f4-3412-00d5-6f35-0391fa3e97f5" testName="FS.GG.Coord.Core.Tests.ReviewWaitTests.2756 a new generation is admitted after the preceding one is consumed" computerName="c2756152e150" duration="00:00:00.0002753" startTime="2026-08-21T11:48:29.3960524+02:00" endTime="2026-08-21T11:48:29.3962443+02:00" testType="13cdc9d9-ddb5-4fa4-a97d-d965ccfc6d4b" outcome="Passed" testListId="8c84fa94-04c1-424b-9868-57a2d4851a1d" relativeResultsDirectory="67508315-f643-447d-a661-212da41ed68b" />
    <UnitTestResult executionId="de380435-f493-4774-b9e2-7b577a9d0253" testId="e3768873-49a3-aa63-e9bc-0e6fee131b49" testName="FS.GG.Coord.Core.Tests.ReviewWaitTests.2756 a terminal event cannot hide a changed claim generation" computerName="c2756152e150" duration="00:00:00.0001265" startTime="2026-08-21T11:48:29.3963102+02:00" endTime="2026-08-21T11:48:29.3964084+02:00" testType="13cdc9d9-ddb5-4fa4-a97d-d965ccfc6d4b" outcome="Passed" testListId="8c84fa94-04c1-424b-9868-57a2d4851a1d" relativeResultsDirectory="de380435-f493-4774-b9e2-7b577a9d0253" />
    <UnitTestResult executionId="b97a712d-b661-4f9b-8e77-64ab7d053c6d" testId="791ef759-c31d-5652-09ae-cd7239a2f2f8" testName="FS.GG.Coord.Core.Tests.ReviewWaitTests.2797 claim turnover preserves no non-exhaustion generation(generation: &quot;847fa413d013df600c1dde084b66154ba86ece28:repair-co&quot;···)" computerName="c2756152e150" duration="00:00:00.0001014" startTime="2026-08-21T11:48:29.3876122+02:00" endTime="2026-08-21T11:48:29.3876185+02:00" testType="13cdc9d9-ddb5-4fa4-a97d-d965ccfc6d4b" outcome="Passed" testListId="8c84fa94-04c1-424b-9868-57a2d4851a1d" relativeResultsDirectory="b97a712d-b661-4f9b-8e77-64ab7d053c6d" />
    <UnitTestResult executionId="4e85071f-201d-4885-b8a6-1cd12175eed6" testId="479f4514-6e03-5daa-536f-c74fd65b6478" testName="FS.GG.Coord.Core.Tests.ReviewWaitTests.2756 an orphan terminal is invalid rather than no receipt" computerName="c2756152e150" duration="00:00:00.0000894" startTime="2026-08-21T11:48:29.3964606+02:00" endTime="2026-08-21T11:48:29.3965184+02:00" testType="13cdc9d9-ddb5-4fa4-a97d-d965ccfc6d4b" outcome="Passed" testListId="8c84fa94-04c1-424b-9868-57a2d4851a1d" relativeResultsDirectory="4e85071f-201d-4885-b8a6-1cd12175eed6" />
    <UnitTestResult executionId="207a2641-3c40-440d-886e-35c63b05f038" testId="58ca5d32-c90d-8e36-0019-7b45f7c4c069" testName="FS.GG.Coord.Core.Tests.ReviewWaitTests.2797 claim turnover preserves no non-exhaustion generation(generation: &quot;short:repair-confirmation:3&quot;)" computerName="c2756152e150" duration="00:00:00.0000024" startTime="2026-08-21T11:48:29.3876878+02:00" endTime="2026-08-21T11:48:29.3876940+02:00" testType="13cdc9d9-ddb5-4fa4-a97d-d965ccfc6d4b" outcome="Passed" testListId="8c84fa94-04c1-424b-9868-57a2d4851a1d" relativeResultsDirectory="207a2641-3c40-440d-886e-35c63b05f038" />
    <UnitTestResult executionId="a2947c6c-00f6-4c57-b3ec-8e9e554351f0" testId="fde1b733-5a69-c9ee-95f8-ffb1a27dc3b7" testName="FS.GG.Coord.Core.Tests.ReviewWaitTests.2756 a premature timeout cannot consume the bounded wait" computerName="c2756152e150" duration="00:00:00.0018089" startTime="2026-08-21T11:48:29.3873931+02:00" endTime="2026-08-21T11:48:29.3874026+02:00" testType="13cdc9d9-ddb5-4fa4-a97d-d965ccfc6d4b" outcome="Passed" testListId="8c84fa94-04c1-424b-9868-57a2d4851a1d" relativeResultsDirectory="a2947c6c-00f6-4c57-b3ec-8e9e554351f0" />
    <UnitTestResult executionId="1ec8a0f5-3e45-42e8-8856-291315da85f6" testId="aa703a1a-4442-54c1-9a38-3045b09bd9e5" testName="FS.GG.Coord.Core.Tests.ReviewWaitTests.2756 first durable terminal wins even when a later comment is backdated" computerName="c2756152e150" duration="00:00:00.0001237" startTime="2026-08-21T11:48:29.3939429+02:00" endTime="2026-08-21T11:48:29.3940378+02:00" testType="13cdc9d9-ddb5-4fa4-a97d-d965ccfc6d4b" outcome="Passed" testListId="8c84fa94-04c1-424b-9868-57a2d4851a1d" relativeResultsDirectory="1ec8a0f5-3e45-42e8-8856-291315da85f6" />
    <UnitTestResult executionId="11bc8fce-afcb-4d3e-b663-0eb134a0d3ce" testId="6d0a18a6-fd9d-a95f-b61b-a5638d62dc9f" testName="FS.GG.Coord.Core.Tests.ReviewWaitTests.2756 bounded timeout returns an explicit recoverable state" computerName="c2756152e150" duration="00:00:00.0000911" startTime="2026-08-21T11:48:29.3938392+02:00" endTime="2026-08-21T11:48:29.3938912+02:00" testType="13cdc9d9-ddb5-4fa4-a97d-d965ccfc6d4b" outcome="Passed" testListId="8c84fa94-04c1-424b-9868-57a2d4851a1d" relativeResultsDirectory="11bc8fce-afcb-4d3e-b663-0eb134a0d3ce" />
    <UnitTestResult executionId="7a5f9a43-4c5f-4c78-bd09-b8a52e73934d" testId="89bff85b-2be1-6b12-24a8-7d8e4fa54d7a" testName="FS.GG.Coord.Core.Tests.ReviewWaitTests.2756 entering a queue writes a round-trippable receipt" computerName="c2756152e150" duration="00:00:00.0043940" startTime="2026-08-21T11:48:29.3965656+02:00" endTime="2026-08-21T11:48:29.4009471+02:00" testType="13cdc9d9-ddb5-4fa4-a97d-d965ccfc6d4b" outcome="Passed" testListId="8c84fa94-04c1-424b-9868-57a2d4851a1d" relativeResultsDirectory="7a5f9a43-4c5f-4c78-bd09-b8a52e73934d" />
    <UnitTestResult executionId="529a6a41-bc42-498a-ab3a-2d7bb2dad6f9" testId="3942fa53-4e3c-8028-c7f3-d428bed9b498" testName="FS.GG.Coord.Core.Tests.ReviewWaitTests.2756 receipt is bounded and cannot reserve forever" computerName="c2756152e150" duration="00:00:00.0001651" startTime="2026-08-21T11:48:29.3937472+02:00" endTime="2026-08-21T11:48:29.3937817+02:00" testType="13cdc9d9-ddb5-4fa4-a97d-d965ccfc6d4b" outcome="Passed" testListId="8c84fa94-04c1-424b-9868-57a2d4851a1d" relativeResultsDirectory="529a6a41-bc42-498a-ab3a-2d7bb2dad6f9" />
    <UnitTestResult executionId="8f1e05e6-3e28-4954-9aec-fbd3c09109b7" testId="5abe4bc0-7d70-6224-45c2-58a0029109df" testName="FS.GG.Coord.Core.Tests.ReviewWaitTests.2756 two different unconsumed generations are invalid rather than latest wins" computerName="c2756152e150" duration="00:00:00.0008452" startTime="2026-08-21T11:48:29.3874613+02:00" endTime="2026-08-21T11:48:29.3874697+02:00" testType="13cdc9d9-ddb5-4fa4-a97d-d965ccfc6d4b" outcome="Passed" testListId="8c84fa94-04c1-424b-9868-57a2d4851a1d" relativeResultsDirectory="8f1e05e6-3e28-4954-9aec-fbd3c09109b7" />
    <UnitTestResult executionId="85a0fa5b-cf8f-4d7d-8dcd-1d36e1a7e0b3" testId="ee4fd9cb-0028-3757-fcba-de34dcc2a40b" testName="FS.GG.Coord.Core.Tests.ReviewWaitTests.2756 a current receipt reserves after the active lease duration" computerName="c2756152e150" duration="00:00:00.0007403" startTime="2026-08-21T11:48:29.3871091+02:00" endTime="2026-08-21T11:48:29.3871326+02:00" testType="13cdc9d9-ddb5-4fa4-a97d-d965ccfc6d4b" outcome="Passed" testListId="8c84fa94-04c1-424b-9868-57a2d4851a1d" relativeResultsDirectory="85a0fa5b-cf8f-4d7d-8dcd-1d36e1a7e0b3" />
  </Results>
  <TestDefinitions>
    <UnitTest name="FS.GG.Coord.Core.Tests.ReviewWaitTests.2756 bounded timeout returns an explicit recoverable state" storage="/home/developer/projects/.github-item-2794-coord-engine-release/tests/fs.gg.coord.core.tests/bin/release/net10.0/fs.gg.coord.core.tests.dll" id="6d0a18a6-fd9d-a95f-b61b-a5638d62dc9f">
      <Execution id="11bc8fce-afcb-4d3e-b663-0eb134a0d3ce" />
      <TestMethod codeBase="/home/developer/projects/.github-item-2794-coord-engine-release/tests/FS.GG.Coord.Core.Tests/bin/Release/net10.0/FS.GG.Coord.Core.Tests.dll" adapterTypeName="executor://xunit/VsTestRunner3/netcore/" className="FS.GG.Coord.Core.Tests.ReviewWaitTests" name="2756 bounded timeout returns an explicit recoverable state" />
    </UnitTest>
    <UnitTest name="FS.GG.Coord.Core.Tests.ReviewWaitTests.2797 an uncompleted round three remains non-authoritative after claim turnover" storage="/home/developer/projects/.github-item-2794-coord-engine-release/tests/fs.gg.coord.core.tests/bin/release/net10.0/fs.gg.coord.core.tests.dll" id="840a1dac-786f-9b9f-8577-dff94c56333a">
      <Execution id="c4d8b182-3900-4fa3-bf20-2721a463dc93" />
      <TestMethod codeBase="/home/developer/projects/.github-item-2794-coord-engine-release/tests/FS.GG.Coord.Core.Tests/bin/Release/net10.0/FS.GG.Coord.Core.Tests.dll" adapterTypeName="executor://xunit/VsTestRunner3/netcore/" className="FS.GG.Coord.Core.Tests.ReviewWaitTests" name="2797 an uncompleted round three remains non-authoritative after claim turnover" />
    </UnitTest>
    <UnitTest name="FS.GG.Coord.Core.Tests.ReviewWaitTests.2756 completion recorded before expiry wins a later timeout race" storage="/home/developer/projects/.github-item-2794-coord-engine-release/tests/fs.gg.coord.core.tests/bin/release/net10.0/fs.gg.coord.core.tests.dll" id="cbe6b380-dac9-af9a-f894-fc65bb972339">
      <Execution id="1cc0651b-2938-4656-9dee-e4cd55727fa1" />
      <TestMethod codeBase="/home/developer/projects/.github-item-2794-coord-engine-release/tests/FS.GG.Coord.Core.Tests/bin/Release/net10.0/FS.GG.Coord.Core.Tests.dll" adapterTypeName="executor://xunit/VsTestRunner3/netcore/" className="FS.GG.Coord.Core.Tests.ReviewWaitTests" name="2756 completion recorded before expiry wins a later timeout race" />
    </UnitTest>
    <UnitTest name="FS.GG.Coord.Core.Tests.ReviewWaitTests.2797 claim turnover preserves no non-exhaustion generation(generation: &quot;847fa413d013df600c1dde084b66154ba86ece28:repair-co&quot;···)" storage="/home/developer/projects/.github-item-2794-coord-engine-release/tests/fs.gg.coord.core.tests/bin/release/net10.0/fs.gg.coord.core.tests.dll" id="791ef759-c31d-5652-09ae-cd7239a2f2f8">
      <Execution id="b97a712d-b661-4f9b-8e77-64ab7d053c6d" />
      <TestMethod codeBase="/home/developer/projects/.github-item-2794-coord-engine-release/tests/FS.GG.Coord.Core.Tests/bin/Release/net10.0/FS.GG.Coord.Core.Tests.dll" adapterTypeName="executor://xunit/VsTestRunner3/netcore/" className="FS.GG.Coord.Core.Tests.ReviewWaitTests" name="2797 claim turnover preserves no non-exhaustion generation" />
    </UnitTest>
    <UnitTest name="FS.GG.Coord.Core.Tests.ReviewWaitTests.2797 claim turnover preserves no non-exhaustion generation(generation: &quot;847fa413d013df600c1dde084b66154ba86ece28:repair-co&quot;···)" storage="/home/developer/projects/.github-item-2794-coord-engine-release/tests/fs.gg.coord.core.tests/bin/release/net10.0/fs.gg.coord.core.tests.dll" id="ae7fef02-9280-5f11-6ef2-04bc995d4231">
      <Execution id="a0c6c198-5251-470d-877d-31d4b18b4d86" />
      <TestMethod codeBase="/home/developer/projects/.github-item-2794-coord-engine-release/tests/FS.GG.Coord.Core.Tests/bin/Release/net10.0/FS.GG.Coord.Core.Tests.dll" adapterTypeName="executor://xunit/VsTestRunner3/netcore/" className="FS.GG.Coord.Core.Tests.ReviewWaitTests" name="2797 claim turnover preserves no non-exhaustion generation" />
    </UnitTest>
    <UnitTest name="FS.GG.Coord.Core.Tests.ReviewWaitTests.2756 entering a queue writes a round-trippable receipt" storage="/home/developer/projects/.github-item-2794-coord-engine-release/tests/fs.gg.coord.core.tests/bin/release/net10.0/fs.gg.coord.core.tests.dll" id="89bff85b-2be1-6b12-24a8-7d8e4fa54d7a">
      <Execution id="7a5f9a43-4c5f-4c78-bd09-b8a52e73934d" />
      <TestMethod codeBase="/home/developer/projects/.github-item-2794-coord-engine-release/tests/FS.GG.Coord.Core.Tests/bin/Release/net10.0/FS.GG.Coord.Core.Tests.dll" adapterTypeName="executor://xunit/VsTestRunner3/netcore/" className="FS.GG.Coord.Core.Tests.ReviewWaitTests" name="2756 entering a queue writes a round-trippable receipt" />
    </UnitTest>
    <UnitTest name="FS.GG.Coord.Core.Tests.ReviewWaitTests.2756 a malformed authoritative marker fails closed" storage="/home/developer/projects/.github-item-2794-coord-engine-release/tests/fs.gg.coord.core.tests/bin/release/net10.0/fs.gg.coord.core.tests.dll" id="6d9ce047-4ef0-1445-212f-16363a352748">
      <Execution id="df7d3a68-d9af-4e17-888e-9e91a4f12fea" />
      <TestMethod codeBase="/home/developer/projects/.github-item-2794-coord-engine-release/tests/FS.GG.Coord.Core.Tests/bin/Release/net10.0/FS.GG.Coord.Core.Tests.dll" adapterTypeName="executor://xunit/VsTestRunner3/netcore/" className="FS.GG.Coord.Core.Tests.ReviewWaitTests" name="2756 a malformed authoritative marker fails closed" />
    </UnitTest>
    <UnitTest name="FS.GG.Coord.Core.Tests.ReviewWaitTests.2756 a new generation is admitted after the preceding one is consumed" storage="/home/developer/projects/.github-item-2794-coord-engine-release/tests/fs.gg.coord.core.tests/bin/release/net10.0/fs.gg.coord.core.tests.dll" id="19dc96f4-3412-00d5-6f35-0391fa3e97f5">
      <Execution id="67508315-f643-447d-a661-212da41ed68b" />
      <TestMethod codeBase="/home/developer/projects/.github-item-2794-coord-engine-release/tests/FS.GG.Coord.Core.Tests/bin/Release/net10.0/FS.GG.Coord.Core.Tests.dll" adapterTypeName="executor://xunit/VsTestRunner3/netcore/" className="FS.GG.Coord.Core.Tests.ReviewWaitTests" name="2756 a new generation is admitted after the preceding one is consumed" />
    </UnitTest>
    <UnitTest name="FS.GG.Coord.Core.Tests.ReviewWaitTests.2756 two different unconsumed generations are invalid rather than latest wins" storage="/home/developer/projects/.github-item-2794-coord-engine-release/tests/fs.gg.coord.core.tests/bin/release/net10.0/fs.gg.coord.core.tests.dll" id="5abe4bc0-7d70-6224-45c2-58a0029109df">
      <Execution id="8f1e05e6-3e28-4954-9aec-fbd3c09109b7" />
      <TestMethod codeBase="/home/developer/projects/.github-item-2794-coord-engine-release/tests/FS.GG.Coord.Core.Tests/bin/Release/net10.0/FS.GG.Coord.Core.Tests.dll" adapterTypeName="executor://xunit/VsTestRunner3/netcore/" className="FS.GG.Coord.Core.Tests.ReviewWaitTests" name="2756 two different unconsumed generations are invalid rather than latest wins" />
    </UnitTest>
    <UnitTest name="FS.GG.Coord.Core.Tests.ReviewWaitTests.2797 claim turnover preserves no non-exhaustion generation(generation: &quot;zzzzzzzzzzzzzzzzzzzzzzzzzzzzzzzzzzzzzzzz:repair-co&quot;···)" storage="/home/developer/projects/.github-item-2794-coord-engine-release/tests/fs.gg.coord.core.tests/bin/release/net10.0/fs.gg.coord.core.tests.dll" id="633379d4-71e0-97bc-ea81-82dbc16fc320">
      <Execution id="849cf5b6-89c1-416c-af91-8ab1e907cbae" />
      <TestMethod codeBase="/home/developer/projects/.github-item-2794-coord-engine-release/tests/FS.GG.Coord.Core.Tests/bin/Release/net10.0/FS.GG.Coord.Core.Tests.dll" adapterTypeName="executor://xunit/VsTestRunner3/netcore/" className="FS.GG.Coord.Core.Tests.ReviewWaitTests" name="2797 claim turnover preserves no non-exhaustion generation" />
    </UnitTest>
    <UnitTest name="FS.GG.Coord.Core.Tests.ReviewWaitTests.2756 receipt is bounded and cannot reserve forever" storage="/home/developer/projects/.github-item-2794-coord-engine-release/tests/fs.gg.coord.core.tests/bin/release/net10.0/fs.gg.coord.core.tests.dll" id="3942fa53-4e3c-8028-c7f3-d428bed9b498">
      <Execution id="529a6a41-bc42-498a-ab3a-2d7bb2dad6f9" />
      <TestMethod codeBase="/home/developer/projects/.github-item-2794-coord-engine-release/tests/FS.GG.Coord.Core.Tests/bin/Release/net10.0/FS.GG.Coord.Core.Tests.dll" adapterTypeName="executor://xunit/VsTestRunner3/netcore/" className="FS.GG.Coord.Core.Tests.ReviewWaitTests" name="2756 receipt is bounded and cannot reserve forever" />
    </UnitTest>
    <UnitTest name="FS.GG.Coord.Core.Tests.ReviewWaitTests.2756 an orphan terminal is invalid rather than no receipt" storage="/home/developer/projects/.github-item-2794-coord-engine-release/tests/fs.gg.coord.core.tests/bin/release/net10.0/fs.gg.coord.core.tests.dll" id="479f4514-6e03-5daa-536f-c74fd65b6478">
      <Execution id="4e85071f-201d-4885-b8a6-1cd12175eed6" />
      <TestMethod codeBase="/home/developer/projects/.github-item-2794-coord-engine-release/tests/FS.GG.Coord.Core.Tests/bin/Release/net10.0/FS.GG.Coord.Core.Tests.dll" adapterTypeName="executor://xunit/VsTestRunner3/netcore/" className="FS.GG.Coord.Core.Tests.ReviewWaitTests" name="2756 an orphan terminal is invalid rather than no receipt" />
    </UnitTest>
    <UnitTest name="FS.GG.Coord.Core.Tests.ReviewWaitTests.2756 a terminal event cannot hide a changed claim generation" storage="/home/developer/projects/.github-item-2794-coord-engine-release/tests/fs.gg.coord.core.tests/bin/release/net10.0/fs.gg.coord.core.tests.dll" id="e3768873-49a3-aa63-e9bc-0e6fee131b49">
      <Execution id="de380435-f493-4774-b9e2-7b577a9d0253" />
      <TestMethod codeBase="/home/developer/projects/.github-item-2794-coord-engine-release/tests/FS.GG.Coord.Core.Tests/bin/Release/net10.0/FS.GG.Coord.Core.Tests.dll" adapterTypeName="executor://xunit/VsTestRunner3/netcore/" className="FS.GG.Coord.Core.Tests.ReviewWaitTests" name="2756 a terminal event cannot hide a changed claim generation" />
    </UnitTest>
    <UnitTest name="FS.GG.Coord.Core.Tests.ReviewWaitTests.2756 a changed claim generation never resurrects mutation authority" storage="/home/developer/projects/.github-item-2794-coord-engine-release/tests/fs.gg.coord.core.tests/bin/release/net10.0/fs.gg.coord.core.tests.dll" id="59fff261-6e71-dfe3-a0a2-40c9ed2d12af">
      <Execution id="76843eae-898b-49d5-9120-770263e8e0b3" />
      <TestMethod codeBase="/home/developer/projects/.github-item-2794-coord-engine-release/tests/FS.GG.Coord.Core.Tests/bin/Release/net10.0/FS.GG.Coord.Core.Tests.dll" adapterTypeName="executor://xunit/VsTestRunner3/netcore/" className="FS.GG.Coord.Core.Tests.ReviewWaitTests" name="2756 a changed claim generation never resurrects mutation authority" />
    </UnitTest>
    <UnitTest name="FS.GG.Coord.Core.Tests.ReviewWaitTests.2797 completed ordinary round three survives claim turnover as exhaustion evidence" storage="/home/developer/projects/.github-item-2794-coord-engine-release/tests/fs.gg.coord.core.tests/bin/release/net10.0/fs.gg.coord.core.tests.dll" id="7a8a9930-c2c5-f40f-cbd3-c1c4d5b0b9ff">
      <Execution id="743dfd18-2d98-4aa5-bd73-d885f88147e6" />
      <TestMethod codeBase="/home/developer/projects/.github-item-2794-coord-engine-release/tests/FS.GG.Coord.Core.Tests/bin/Release/net10.0/FS.GG.Coord.Core.Tests.dll" adapterTypeName="executor://xunit/VsTestRunner3/netcore/" className="FS.GG.Coord.Core.Tests.ReviewWaitTests" name="2797 completed ordinary round three survives claim turnover as exhaustion evidence" />
    </UnitTest>
    <UnitTest name="FS.GG.Coord.Core.Tests.ReviewWaitTests.2756 first durable terminal wins even when a later comment is backdated" storage="/home/developer/projects/.github-item-2794-coord-engine-release/tests/fs.gg.coord.core.tests/bin/release/net10.0/fs.gg.coord.core.tests.dll" id="aa703a1a-4442-54c1-9a38-3045b09bd9e5">
      <Execution id="1ec8a0f5-3e45-42e8-8856-291315da85f6" />
      <TestMethod codeBase="/home/developer/projects/.github-item-2794-coord-engine-release/tests/FS.GG.Coord.Core.Tests/bin/Release/net10.0/FS.GG.Coord.Core.Tests.dll" adapterTypeName="executor://xunit/VsTestRunner3/netcore/" className="FS.GG.Coord.Core.Tests.ReviewWaitTests" name="2756 first durable terminal wins even when a later comment is backdated" />
    </UnitTest>
    <UnitTest name="FS.GG.Coord.Core.Tests.ReviewWaitTests.2756 a current receipt reserves after the active lease duration" storage="/home/developer/projects/.github-item-2794-coord-engine-release/tests/fs.gg.coord.core.tests/bin/release/net10.0/fs.gg.coord.core.tests.dll" id="ee4fd9cb-0028-3757-fcba-de34dcc2a40b">
      <Execution id="85a0fa5b-cf8f-4d7d-8dcd-1d36e1a7e0b3" />
      <TestMethod codeBase="/home/developer/projects/.github-item-2794-coord-engine-release/tests/FS.GG.Coord.Core.Tests/bin/Release/net10.0/FS.GG.Coord.Core.Tests.dll" adapterTypeName="executor://xunit/VsTestRunner3/netcore/" className="FS.GG.Coord.Core.Tests.ReviewWaitTests" name="2756 a current receipt reserves after the active lease duration" />
    </UnitTest>
    <UnitTest name="FS.GG.Coord.Core.Tests.ReviewWaitTests.2756 a premature timeout cannot consume the bounded wait" storage="/home/developer/projects/.github-item-2794-coord-engine-release/tests/fs.gg.coord.core.tests/bin/release/net10.0/fs.gg.coord.core.tests.dll" id="fde1b733-5a69-c9ee-95f8-ffb1a27dc3b7">
      <Execution id="a2947c6c-00f6-4c57-b3ec-8e9e554351f0" />
      <TestMethod codeBase="/home/developer/projects/.github-item-2794-coord-engine-release/tests/FS.GG.Coord.Core.Tests/bin/Release/net10.0/FS.GG.Coord.Core.Tests.dll" adapterTypeName="executor://xunit/VsTestRunner3/netcore/" className="FS.GG.Coord.Core.Tests.ReviewWaitTests" name="2756 a premature timeout cannot consume the bounded wait" />
    </UnitTest>
    <UnitTest name="FS.GG.Coord.Core.Tests.ReviewWaitTests.2797 claim turnover preserves no non-exhaustion generation(generation: &quot;short:repair-confirmation:3&quot;)" storage="/home/developer/projects/.github-item-2794-coord-engine-release/tests/fs.gg.coord.core.tests/bin/release/net10.0/fs.gg.coord.core.tests.dll" id="58ca5d32-c90d-8e36-0019-7b45f7c4c069">
      <Execution id="207a2641-3c40-440d-886e-35c63b05f038" />
      <TestMethod codeBase="/home/developer/projects/.github-item-2794-coord-engine-release/tests/FS.GG.Coord.Core.Tests/bin/Release/net10.0/FS.GG.Coord.Core.Tests.dll" adapterTypeName="executor://xunit/VsTestRunner3/netcore/" className="FS.GG.Coord.Core.Tests.ReviewWaitTests" name="2797 claim turnover preserves no non-exhaustion generation" />
    </UnitTest>
  </TestDefinitions>
  <TestEntries>
    <TestEntry testId="59fff261-6e71-dfe3-a0a2-40c9ed2d12af" executionId="76843eae-898b-49d5-9120-770263e8e0b3" testListId="8c84fa94-04c1-424b-9868-57a2d4851a1d" />
    <TestEntry testId="ae7fef02-9280-5f11-6ef2-04bc995d4231" executionId="a0c6c198-5251-470d-877d-31d4b18b4d86" testListId="8c84fa94-04c1-424b-9868-57a2d4851a1d" />
    <TestEntry testId="840a1dac-786f-9b9f-8577-dff94c56333a" executionId="c4d8b182-3900-4fa3-bf20-2721a463dc93" testListId="8c84fa94-04c1-424b-9868-57a2d4851a1d" />
    <TestEntry testId="6d9ce047-4ef0-1445-212f-16363a352748" executionId="df7d3a68-d9af-4e17-888e-9e91a4f12fea" testListId="8c84fa94-04c1-424b-9868-57a2d4851a1d" />
    <TestEntry testId="cbe6b380-dac9-af9a-f894-fc65bb972339" executionId="1cc0651b-2938-4656-9dee-e4cd55727fa1" testListId="8c84fa94-04c1-424b-9868-57a2d4851a1d" />
    <TestEntry testId="633379d4-71e0-97bc-ea81-82dbc16fc320" executionId="849cf5b6-89c1-416c-af91-8ab1e907cbae" testListId="8c84fa94-04c1-424b-9868-57a2d4851a1d" />
    <TestEntry testId="7a8a9930-c2c5-f40f-cbd3-c1c4d5b0b9ff" executionId="743dfd18-2d98-4aa5-bd73-d885f88147e6" testListId="8c84fa94-04c1-424b-9868-57a2d4851a1d" />
    <TestEntry testId="19dc96f4-3412-00d5-6f35-0391fa3e97f5" executionId="67508315-f643-447d-a661-212da41ed68b" testListId="8c84fa94-04c1-424b-9868-57a2d4851a1d" />
    <TestEntry testId="e3768873-49a3-aa63-e9bc-0e6fee131b49" executionId="de380435-f493-4774-b9e2-7b577a9d0253" testListId="8c84fa94-04c1-424b-9868-57a2d4851a1d" />
    <TestEntry testId="791ef759-c31d-5652-09ae-cd7239a2f2f8" executionId="b97a712d-b661-4f9b-8e77-64ab7d053c6d" testListId="8c84fa94-04c1-424b-9868-57a2d4851a1d" />
    <TestEntry testId="479f4514-6e03-5daa-536f-c74fd65b6478" executionId="4e85071f-201d-4885-b8a6-1cd12175eed6" testListId="8c84fa94-04c1-424b-9868-57a2d4851a1d" />
    <TestEntry testId="58ca5d32-c90d-8e36-0019-7b45f7c4c069" executionId="207a2641-3c40-440d-886e-35c63b05f038" testListId="8c84fa94-04c1-424b-9868-57a2d4851a1d" />
    <TestEntry testId="fde1b733-5a69-c9ee-95f8-ffb1a27dc3b7" executionId="a2947c6c-00f6-4c57-b3ec-8e9e554351f0" testListId="8c84fa94-04c1-424b-9868-57a2d4851a1d" />
    <TestEntry testId="aa703a1a-4442-54c1-9a38-3045b09bd9e5" executionId="1ec8a0f5-3e45-42e8-8856-291315da85f6" testListId="8c84fa94-04c1-424b-9868-57a2d4851a1d" />
    <TestEntry testId="6d0a18a6-fd9d-a95f-b61b-a5638d62dc9f" executionId="11bc8fce-afcb-4d3e-b663-0eb134a0d3ce" testListId="8c84fa94-04c1-424b-9868-57a2d4851a1d" />
    <TestEntry testId="89bff85b-2be1-6b12-24a8-7d8e4fa54d7a" executionId="7a5f9a43-4c5f-4c78-bd09-b8a52e73934d" testListId="8c84fa94-04c1-424b-9868-57a2d4851a1d" />
    <TestEntry testId="3942fa53-4e3c-8028-c7f3-d428bed9b498" executionId="529a6a41-bc42-498a-ab3a-2d7bb2dad6f9" testListId="8c84fa94-04c1-424b-9868-57a2d4851a1d" />
    <TestEntry testId="5abe4bc0-7d70-6224-45c2-58a0029109df" executionId="8f1e05e6-3e28-4954-9aec-fbd3c09109b7" testListId="8c84fa94-04c1-424b-9868-57a2d4851a1d" />
    <TestEntry testId="ee4fd9cb-0028-3757-fcba-de34dcc2a40b" executionId="85a0fa5b-cf8f-4d7d-8dcd-1d36e1a7e0b3" testListId="8c84fa94-04c1-424b-9868-57a2d4851a1d" />
  </TestEntries>
  <TestLists>
    <TestList name="Results Not in a List" id="8c84fa94-04c1-424b-9868-57a2d4851a1d" />
    <TestList name="All Loaded Results" id="19431567-8539-422a-85d7-44ee4e166bda" />
  </TestLists>
  <ResultSummary outcome="Completed">
    <Counters total="19" executed="19" passed="19" failed="0" error="0" timeout="0" aborted="0" inconclusive="0" passedButRunAborted="0" notRunnable="0" notExecuted="0" disconnected="0" warning="0" completed="0" inProgress="0" pending="0" />
    <Output>
      <StdOut>[xUnit.net 00:00:00.00] xUnit.net VSTest Adapter v3.1.5+1b188a7b0a (64-bit .NET 10.0.10)
[xUnit.net 00:00:00.05]   Discovering: FS.GG.Coord.Core.Tests
[xUnit.net 00:00:00.11]   Discovered:  FS.GG.Coord.Core.Tests
[xUnit.net 00:00:00.12]   Starting:    FS.GG.Coord.Core.Tests
[xUnit.net 00:00:00.17]   Finished:    FS.GG.Coord.Core.Tests
</StdOut>
    </Output>
  </ResultSummary>
</TestRun>