<?xml version="1.0" encoding="utf-8"?>
<TestRun id="cccda58b-2385-46e2-b21f-4c96713606b8" name="@c2756152e150 2026-08-21 10:20:26" xmlns="http://microsoft.com/schemas/VisualStudio/TeamTest/2010">
  <Times creation="2026-08-21T10:20:26.8242977+02:00" queuing="2026-08-21T10:20:26.8242977+02:00" start="2026-08-21T10:20:26.4478550+02:00" finish="2026-08-21T10:20:26.8475710+02:00" />
  <TestSettings name="default" id="0302f1f7-cdf7-4681-b1c0-dcfdac992c3a">
    <Deployment runDeploymentRoot="_c2756152e150_2026-08-21_10_20_26" />
  </TestSettings>
  <Results>
    <UnitTestResult executionId="cefd081e-dc19-4e22-b9af-d4d6c1c6bd32" testId="59fff261-6e71-dfe3-a0a2-40c9ed2d12af" testName="FS.GG.Coord.Core.Tests.ReviewWaitTests.2756 a changed claim generation never resurrects mutation authority" computerName="c2756152e150" duration="00:00:00.0120304" startTime="2026-08-21T10:20:26.7777514+02:00" endTime="2026-08-21T10:20:26.7928759+02:00" testType="13cdc9d9-ddb5-4fa4-a97d-d965ccfc6d4b" outcome="Passed" testListId="8c84fa94-04c1-424b-9868-57a2d4851a1d" relativeResultsDirectory="cefd081e-dc19-4e22-b9af-d4d6c1c6bd32" />
    <UnitTestResult executionId="dcf93fb2-e926-451b-844b-ff313a992d5a" testId="3942fa53-4e3c-8028-c7f3-d428bed9b498" testName="FS.GG.Coord.Core.Tests.ReviewWaitTests.2756 receipt is bounded and cannot reserve forever" computerName="c2756152e150" duration="00:00:00.0002280" startTime="2026-08-21T10:20:26.8041548+02:00" endTime="2026-08-21T10:20:26.8041640+02:00" testType="13cdc9d9-ddb5-4fa4-a97d-d965ccfc6d4b" outcome="Passed" testListId="8c84fa94-04c1-424b-9868-57a2d4851a1d" relativeResultsDirectory="dcf93fb2-e926-451b-844b-ff313a992d5a" />
    <UnitTestResult executionId="49b4fccf-d1d9-4988-af56-1376e159561b" testId="840a1dac-786f-9b9f-8577-dff94c56333a" testName="FS.GG.Coord.Core.Tests.ReviewWaitTests.2797 an uncompleted round three remains non-authoritative after claim turnover" computerName="c2756152e150" duration="00:00:00.0053083" startTime="2026-08-21T10:20:26.8040103+02:00" endTime="2026-08-21T10:20:26.8040260+02:00" testType="13cdc9d9-ddb5-4fa4-a97d-d965ccfc6d4b" outcome="Passed" testListId="8c84fa94-04c1-424b-9868-57a2d4851a1d" relativeResultsDirectory="49b4fccf-d1d9-4988-af56-1376e159561b" />
    <UnitTestResult executionId="8e4ed128-cb56-46dd-ba52-27dab52a9771" testId="fde1b733-5a69-c9ee-95f8-ffb1a27dc3b7" testName="FS.GG.Coord.Core.Tests.ReviewWaitTests.2756 a premature timeout cannot consume the bounded wait" computerName="c2756152e150" duration="00:00:00.0013558" startTime="2026-08-21T10:20:26.7988733+02:00" endTime="2026-08-21T10:20:26.7988830+02:00" testType="13cdc9d9-ddb5-4fa4-a97d-d965ccfc6d4b" outcome="Passed" testListId="8c84fa94-04c1-424b-9868-57a2d4851a1d" relativeResultsDirectory="8e4ed128-cb56-46dd-ba52-27dab52a9771" />
    <UnitTestResult executionId="70fb950e-0cc8-4acc-9fb8-dc586634b782" testId="58ca5d32-c90d-8e36-0019-7b45f7c4c069" testName="FS.GG.Coord.Core.Tests.ReviewWaitTests.2797 claim turnover preserves no non-exhaustion generation(generation: &quot;short:repair-confirmation:3&quot;)" computerName="c2756152e150" duration="00:00:00.0000018" startTime="2026-08-21T10:20:26.7991645+02:00" endTime="2026-08-21T10:20:26.7991712+02:00" testType="13cdc9d9-ddb5-4fa4-a97d-d965ccfc6d4b" outcome="Passed" testListId="8c84fa94-04c1-424b-9868-57a2d4851a1d" relativeResultsDirectory="70fb950e-0cc8-4acc-9fb8-dc586634b782" />
    <UnitTestResult executionId="78f6d5d5-2687-4896-8548-719b5322e0bc" testId="5abe4bc0-7d70-6224-45c2-58a0029109df" testName="FS.GG.Coord.Core.Tests.ReviewWaitTests.2756 two different unconsumed generations are invalid rather than latest wins" computerName="c2756152e150" duration="00:00:00.0006130" startTime="2026-08-21T10:20:26.7989418+02:00" endTime="2026-08-21T10:20:26.7989491+02:00" testType="13cdc9d9-ddb5-4fa4-a97d-d965ccfc6d4b" outcome="Passed" testListId="8c84fa94-04c1-424b-9868-57a2d4851a1d" relativeResultsDirectory="78f6d5d5-2687-4896-8548-719b5322e0bc" />
    <UnitTestResult executionId="afd3f9ef-c086-4115-ac12-c62be23ad794" testId="19dc96f4-3412-00d5-6f35-0391fa3e97f5" testName="FS.GG.Coord.Core.Tests.ReviewWaitTests.2756 a new generation is admitted after the preceding one is consumed" computerName="c2756152e150" duration="00:00:00.0001495" startTime="2026-08-21T10:20:26.8055478+02:00" endTime="2026-08-21T10:20:26.8056693+02:00" testType="13cdc9d9-ddb5-4fa4-a97d-d965ccfc6d4b" outcome="Passed" testListId="8c84fa94-04c1-424b-9868-57a2d4851a1d" relativeResultsDirectory="afd3f9ef-c086-4115-ac12-c62be23ad794" />
    <UnitTestResult executionId="b634237e-f9f6-4d48-866c-6496b5028a98" testId="7a8a9930-c2c5-f40f-cbd3-c1c4d5b0b9ff" testName="FS.GG.Coord.Core.Tests.ReviewWaitTests.2797 completed ordinary round three survives claim turnover as exhaustion evidence" computerName="c2756152e150" duration="00:00:00.0023581" startTime="2026-08-21T10:20:26.8043297+02:00" endTime="2026-08-21T10:20:26.8054977+02:00" testType="13cdc9d9-ddb5-4fa4-a97d-d965ccfc6d4b" outcome="Passed" testListId="8c84fa94-04c1-424b-9868-57a2d4851a1d" relativeResultsDirectory="b634237e-f9f6-4d48-866c-6496b5028a98" />
    <UnitTestResult executionId="ec94d979-fe53-48e0-9f3c-4ff743305dd8" testId="89bff85b-2be1-6b12-24a8-7d8e4fa54d7a" testName="FS.GG.Coord.Core.Tests.ReviewWaitTests.2756 entering a queue writes a round-trippable receipt" computerName="c2756152e150" duration="00:00:00.0041317" startTime="2026-08-21T10:20:26.8059470+02:00" endTime="2026-08-21T10:20:26.8100609+02:00" testType="13cdc9d9-ddb5-4fa4-a97d-d965ccfc6d4b" outcome="Passed" testListId="8c84fa94-04c1-424b-9868-57a2d4851a1d" relativeResultsDirectory="ec94d979-fe53-48e0-9f3c-4ff743305dd8" />
    <UnitTestResult executionId="27ed673f-ad7f-41ec-8659-109e9b1cf417" testId="cbe6b380-dac9-af9a-f894-fc65bb972339" testName="FS.GG.Coord.Core.Tests.ReviewWaitTests.2756 completion recorded before expiry wins a later timeout race" computerName="c2756152e150" duration="00:00:00.0001188" startTime="2026-08-21T10:20:26.8103187+02:00" endTime="2026-08-21T10:20:26.8103296+02:00" testType="13cdc9d9-ddb5-4fa4-a97d-d965ccfc6d4b" outcome="Passed" testListId="8c84fa94-04c1-424b-9868-57a2d4851a1d" relativeResultsDirectory="27ed673f-ad7f-41ec-8659-109e9b1cf417" />
    <UnitTestResult executionId="931464d2-0909-4fb8-82be-27460de7ce05" testId="6d9ce047-4ef0-1445-212f-16363a352748" testName="FS.GG.Coord.Core.Tests.ReviewWaitTests.2756 a malformed authoritative marker fails closed" computerName="c2756152e150" duration="00:00:00.0008784" startTime="2026-08-21T10:20:26.7989955+02:00" endTime="2026-08-21T10:20:26.7990027+02:00" testType="13cdc9d9-ddb5-4fa4-a97d-d965ccfc6d4b" outcome="Passed" testListId="8c84fa94-04c1-424b-9868-57a2d4851a1d" relativeResultsDirectory="931464d2-0909-4fb8-82be-27460de7ce05" />
    <UnitTestResult executionId="167b54b7-3b69-4ca0-8305-607544a1965a" testId="479f4514-6e03-5daa-536f-c74fd65b6478" testName="FS.GG.Coord.Core.Tests.ReviewWaitTests.2756 an orphan terminal is invalid rather than no receipt" computerName="c2756152e150" duration="00:00:00.0000841" startTime="2026-08-21T10:20:26.8058470+02:00" endTime="2026-08-21T10:20:26.8059014+02:00" testType="13cdc9d9-ddb5-4fa4-a97d-d965ccfc6d4b" outcome="Passed" testListId="8c84fa94-04c1-424b-9868-57a2d4851a1d" relativeResultsDirectory="167b54b7-3b69-4ca0-8305-607544a1965a" />
    <UnitTestResult executionId="5ead867d-8656-43d2-a854-7db2ba044489" testId="6d0a18a6-fd9d-a95f-b61b-a5638d62dc9f" testName="FS.GG.Coord.Core.Tests.ReviewWaitTests.2756 bounded timeout returns an explicit recoverable state" computerName="c2756152e150" duration="00:00:00.0000958" startTime="2026-08-21T10:20:26.8042174+02:00" endTime="2026-08-21T10:20:26.8042248+02:00" testType="13cdc9d9-ddb5-4fa4-a97d-d965ccfc6d4b" outcome="Passed" testListId="8c84fa94-04c1-424b-9868-57a2d4851a1d" relativeResultsDirectory="5ead867d-8656-43d2-a854-7db2ba044489" />
    <UnitTestResult executionId="a3795e67-05e5-4c81-a089-583177822d02" testId="633379d4-71e0-97bc-ea81-82dbc16fc320" testName="FS.GG.Coord.Core.Tests.ReviewWaitTests.2797 claim turnover preserves no non-exhaustion generation(generation: &quot;zzzzzzzzzzzzzzzzzzzzzzzzzzzzzzzzzzzzzzzz:repair-co&quot;···)" computerName="c2756152e150" duration="00:00:00.0007476" startTime="2026-08-21T10:20:26.7990482+02:00" endTime="2026-08-21T10:20:26.7990549+02:00" testType="13cdc9d9-ddb5-4fa4-a97d-d965ccfc6d4b" outcome="Passed" testListId="8c84fa94-04c1-424b-9868-57a2d4851a1d" relativeResultsDirectory="a3795e67-05e5-4c81-a089-583177822d02" />
    <UnitTestResult executionId="6fdeacd9-bc1b-491f-bcf8-ea7e45ffcb6d" testId="ae7fef02-9280-5f11-6ef2-04bc995d4231" testName="FS.GG.Coord.Core.Tests.ReviewWaitTests.2797 claim turnover preserves no non-exhaustion generation(generation: &quot;847fa413d013df600c1dde084b66154ba86ece28:repair-co&quot;···)" computerName="c2756152e150" duration="00:00:00.0000036" startTime="2026-08-21T10:20:26.7991250+02:00" endTime="2026-08-21T10:20:26.7991316+02:00" testType="13cdc9d9-ddb5-4fa4-a97d-d965ccfc6d4b" outcome="Passed" testListId="8c84fa94-04c1-424b-9868-57a2d4851a1d" relativeResultsDirectory="6fdeacd9-bc1b-491f-bcf8-ea7e45ffcb6d" />
    <UnitTestResult executionId="ca9e3066-55e2-41ae-acb3-e48ab6fdf7f0" testId="aa703a1a-4442-54c1-9a38-3045b09bd9e5" testName="FS.GG.Coord.Core.Tests.ReviewWaitTests.2756 first durable terminal wins even when a later comment is backdated" computerName="c2756152e150" duration="00:00:00.0001503" startTime="2026-08-21T10:20:26.8042754+02:00" endTime="2026-08-21T10:20:26.8042825+02:00" testType="13cdc9d9-ddb5-4fa4-a97d-d965ccfc6d4b" outcome="Passed" testListId="8c84fa94-04c1-424b-9868-57a2d4851a1d" relativeResultsDirectory="ca9e3066-55e2-41ae-acb3-e48ab6fdf7f0" />
    <UnitTestResult executionId="ef17a33e-526b-4179-bcf9-0b78ce9505a1" testId="791ef759-c31d-5652-09ae-cd7239a2f2f8" testName="FS.GG.Coord.Core.Tests.ReviewWaitTests.2797 claim turnover preserves no non-exhaustion generation(generation: &quot;847fa413d013df600c1dde084b66154ba86ece28:repair-co&quot;···)" computerName="c2756152e150" duration="00:00:00.0000894" startTime="2026-08-21T10:20:26.7990871+02:00" endTime="2026-08-21T10:20:26.7990935+02:00" testType="13cdc9d9-ddb5-4fa4-a97d-d965ccfc6d4b" outcome="Passed" testListId="8c84fa94-04c1-424b-9868-57a2d4851a1d" relativeResultsDirectory="ef17a33e-526b-4179-bcf9-0b78ce9505a1" />
    <UnitTestResult executionId="42abe012-ae58-4a47-9c65-c93d4076dbba" testId="ee4fd9cb-0028-3757-fcba-de34dcc2a40b" testName="FS.GG.Coord.Core.Tests.ReviewWaitTests.2756 a current receipt reserves after the active lease duration" computerName="c2756152e150" duration="00:00:00.0005275" startTime="2026-08-21T10:20:26.7985692+02:00" endTime="2026-08-21T10:20:26.7985925+02:00" testType="13cdc9d9-ddb5-4fa4-a97d-d965ccfc6d4b" outcome="Passed" testListId="8c84fa94-04c1-424b-9868-57a2d4851a1d" relativeResultsDirectory="42abe012-ae58-4a47-9c65-c93d4076dbba" />
    <UnitTestResult executionId="4cc921e0-2314-4246-993d-ce54202ae2bb" testId="e3768873-49a3-aa63-e9bc-0e6fee131b49" testName="FS.GG.Coord.Core.Tests.ReviewWaitTests.2756 a terminal event cannot hide a changed claim generation" computerName="c2756152e150" duration="00:00:00.0001055" startTime="2026-08-21T10:20:26.8057149+02:00" endTime="2026-08-21T10:20:26.8057973+02:00" testType="13cdc9d9-ddb5-4fa4-a97d-d965ccfc6d4b" outcome="Passed" testListId="8c84fa94-04c1-424b-9868-57a2d4851a1d" relativeResultsDirectory="4cc921e0-2314-4246-993d-ce54202ae2bb" />
  </Results>
  <TestDefinitions>
    <UnitTest name="FS.GG.Coord.Core.Tests.ReviewWaitTests.2756 bounded timeout returns an explicit recoverable state" storage="/home/developer/projects/.github-item-2797-review-escalation/tests/fs.gg.coord.core.tests/bin/release/net10.0/fs.gg.coord.core.tests.dll" id="6d0a18a6-fd9d-a95f-b61b-a5638d62dc9f">
      <Execution id="5ead867d-8656-43d2-a854-7db2ba044489" />
      <TestMethod codeBase="/home/developer/projects/.github-item-2797-review-escalation/tests/FS.GG.Coord.Core.Tests/bin/Release/net10.0/FS.GG.Coord.Core.Tests.dll" adapterTypeName="executor://xunit/VsTestRunner3/netcore/" className="FS.GG.Coord.Core.Tests.ReviewWaitTests" name="2756 bounded timeout returns an explicit recoverable state" />
    </UnitTest>
    <UnitTest name="FS.GG.Coord.Core.Tests.ReviewWaitTests.2797 an uncompleted round three remains non-authoritative after claim turnover" storage="/home/developer/projects/.github-item-2797-review-escalation/tests/fs.gg.coord.core.tests/bin/release/net10.0/fs.gg.coord.core.tests.dll" id="840a1dac-786f-9b9f-8577-dff94c56333a">
      <Execution id="49b4fccf-d1d9-4988-af56-1376e159561b" />
      <TestMethod codeBase="/home/developer/projects/.github-item-2797-review-escalation/tests/FS.GG.Coord.Core.Tests/bin/Release/net10.0/FS.GG.Coord.Core.Tests.dll" adapterTypeName="executor://xunit/VsTestRunner3/netcore/" className="FS.GG.Coord.Core.Tests.ReviewWaitTests" name="2797 an uncompleted round three remains non-authoritative after claim turnover" />
    </UnitTest>
    <UnitTest name="FS.GG.Coord.Core.Tests.ReviewWaitTests.2756 completion recorded before expiry wins a later timeout race" storage="/home/developer/projects/.github-item-2797-review-escalation/tests/fs.gg.coord.core.tests/bin/release/net10.0/fs.gg.coord.core.tests.dll" id="cbe6b380-dac9-af9a-f894-fc65bb972339">
      <Execution id="27ed673f-ad7f-41ec-8659-109e9b1cf417" />
      <TestMethod codeBase="/home/developer/projects/.github-item-2797-review-escalation/tests/FS.GG.Coord.Core.Tests/bin/Release/net10.0/FS.GG.Coord.Core.Tests.dll" adapterTypeName="executor://xunit/VsTestRunner3/netcore/" className="FS.GG.Coord.Core.Tests.ReviewWaitTests" name="2756 completion recorded before expiry wins a later timeout race" />
    </UnitTest>
    <UnitTest name="FS.GG.Coord.Core.Tests.ReviewWaitTests.2797 claim turnover preserves no non-exhaustion generation(generation: &quot;847fa413d013df600c1dde084b66154ba86ece28:repair-co&quot;···)" storage="/home/developer/projects/.github-item-2797-review-escalation/tests/fs.gg.coord.core.tests/bin/release/net10.0/fs.gg.coord.core.tests.dll" id="791ef759-c31d-5652-09ae-cd7239a2f2f8">
      <Execution id="ef17a33e-526b-4179-bcf9-0b78ce9505a1" />
      <TestMethod codeBase="/home/developer/projects/.github-item-2797-review-escalation/tests/FS.GG.Coord.Core.Tests/bin/Release/net10.0/FS.GG.Coord.Core.Tests.dll" adapterTypeName="executor://xunit/VsTestRunner3/netcore/" className="FS.GG.Coord.Core.Tests.ReviewWaitTests" name="2797 claim turnover preserves no non-exhaustion generation" />
    </UnitTest>
    <UnitTest name="FS.GG.Coord.Core.Tests.ReviewWaitTests.2797 claim turnover preserves no non-exhaustion generation(generation: &quot;847fa413d013df600c1dde084b66154ba86ece28:repair-co&quot;···)" storage="/home/developer/projects/.github-item-2797-review-escalation/tests/fs.gg.coord.core.tests/bin/release/net10.0/fs.gg.coord.core.tests.dll" id="ae7fef02-9280-5f11-6ef2-04bc995d4231">
      <Execution id="6fdeacd9-bc1b-491f-bcf8-ea7e45ffcb6d" />
      <TestMethod codeBase="/home/developer/projects/.github-item-2797-review-escalation/tests/FS.GG.Coord.Core.Tests/bin/Release/net10.0/FS.GG.Coord.Core.Tests.dll" adapterTypeName="executor://xunit/VsTestRunner3/netcore/" className="FS.GG.Coord.Core.Tests.ReviewWaitTests" name="2797 claim turnover preserves no non-exhaustion generation" />
    </UnitTest>
    <UnitTest name="FS.GG.Coord.Core.Tests.ReviewWaitTests.2756 entering a queue writes a round-trippable receipt" storage="/home/developer/projects/.github-item-2797-review-escalation/tests/fs.gg.coord.core.tests/bin/release/net10.0/fs.gg.coord.core.tests.dll" id="89bff85b-2be1-6b12-24a8-7d8e4fa54d7a">
      <Execution id="ec94d979-fe53-48e0-9f3c-4ff743305dd8" />
      <TestMethod codeBase="/home/developer/projects/.github-item-2797-review-escalation/tests/FS.GG.Coord.Core.Tests/bin/Release/net10.0/FS.GG.Coord.Core.Tests.dll" adapterTypeName="executor://xunit/VsTestRunner3/netcore/" className="FS.GG.Coord.Core.Tests.ReviewWaitTests" name="2756 entering a queue writes a round-trippable receipt" />
    </UnitTest>
    <UnitTest name="FS.GG.Coord.Core.Tests.ReviewWaitTests.2756 a malformed authoritative marker fails closed" storage="/home/developer/projects/.github-item-2797-review-escalation/tests/fs.gg.coord.core.tests/bin/release/net10.0/fs.gg.coord.core.tests.dll" id="6d9ce047-4ef0-1445-212f-16363a352748">
      <Execution id="931464d2-0909-4fb8-82be-27460de7ce05" />
      <TestMethod codeBase="/home/developer/projects/.github-item-2797-review-escalation/tests/FS.GG.Coord.Core.Tests/bin/Release/net10.0/FS.GG.Coord.Core.Tests.dll" adapterTypeName="executor://xunit/VsTestRunner3/netcore/" className="FS.GG.Coord.Core.Tests.ReviewWaitTests" name="2756 a malformed authoritative marker fails closed" />
    </UnitTest>
    <UnitTest name="FS.GG.Coord.Core.Tests.ReviewWaitTests.2756 a new generation is admitted after the preceding one is consumed" storage="/home/developer/projects/.github-item-2797-review-escalation/tests/fs.gg.coord.core.tests/bin/release/net10.0/fs.gg.coord.core.tests.dll" id="19dc96f4-3412-00d5-6f35-0391fa3e97f5">
      <Execution id="afd3f9ef-c086-4115-ac12-c62be23ad794" />
      <TestMethod codeBase="/home/developer/projects/.github-item-2797-review-escalation/tests/FS.GG.Coord.Core.Tests/bin/Release/net10.0/FS.GG.Coord.Core.Tests.dll" adapterTypeName="executor://xunit/VsTestRunner3/netcore/" className="FS.GG.Coord.Core.Tests.ReviewWaitTests" name="2756 a new generation is admitted after the preceding one is consumed" />
    </UnitTest>
    <UnitTest name="FS.GG.Coord.Core.Tests.ReviewWaitTests.2756 two different unconsumed generations are invalid rather than latest wins" storage="/home/developer/projects/.github-item-2797-review-escalation/tests/fs.gg.coord.core.tests/bin/release/net10.0/fs.gg.coord.core.tests.dll" id="5abe4bc0-7d70-6224-45c2-58a0029109df">
      <Execution id="78f6d5d5-2687-4896-8548-719b5322e0bc" />
      <TestMethod codeBase="/home/developer/projects/.github-item-2797-review-escalation/tests/FS.GG.Coord.Core.Tests/bin/Release/net10.0/FS.GG.Coord.Core.Tests.dll" adapterTypeName="executor://xunit/VsTestRunner3/netcore/" className="FS.GG.Coord.Core.Tests.ReviewWaitTests" name="2756 two different unconsumed generations are invalid rather than latest wins" />
    </UnitTest>
    <UnitTest name="FS.GG.Coord.Core.Tests.ReviewWaitTests.2797 claim turnover preserves no non-exhaustion generation(generation: &quot;zzzzzzzzzzzzzzzzzzzzzzzzzzzzzzzzzzzzzzzz:repair-co&quot;···)" storage="/home/developer/projects/.github-item-2797-review-escalation/tests/fs.gg.coord.core.tests/bin/release/net10.0/fs.gg.coord.core.tests.dll" id="633379d4-71e0-97bc-ea81-82dbc16fc320">
      <Execution id="a3795e67-05e5-4c81-a089-583177822d02" />
      <TestMethod codeBase="/home/developer/projects/.github-item-2797-review-escalation/tests/FS.GG.Coord.Core.Tests/bin/Release/net10.0/FS.GG.Coord.Core.Tests.dll" adapterTypeName="executor://xunit/VsTestRunner3/netcore/" className="FS.GG.Coord.Core.Tests.ReviewWaitTests" name="2797 claim turnover preserves no non-exhaustion generation" />
    </UnitTest>
    <UnitTest name="FS.GG.Coord.Core.Tests.ReviewWaitTests.2756 receipt is bounded and cannot reserve forever" storage="/home/developer/projects/.github-item-2797-review-escalation/tests/fs.gg.coord.core.tests/bin/release/net10.0/fs.gg.coord.core.tests.dll" id="3942fa53-4e3c-8028-c7f3-d428bed9b498">
      <Execution id="dcf93fb2-e926-451b-844b-ff313a992d5a" />
      <TestMethod codeBase="/home/developer/projects/.github-item-2797-review-escalation/tests/FS.GG.Coord.Core.Tests/bin/Release/net10.0/FS.GG.Coord.Core.Tests.dll" adapterTypeName="executor://xunit/VsTestRunner3/netcore/" className="FS.GG.Coord.Core.Tests.ReviewWaitTests" name="2756 receipt is bounded and cannot reserve forever" />
    </UnitTest>
    <UnitTest name="FS.GG.Coord.Core.Tests.ReviewWaitTests.2756 an orphan terminal is invalid rather than no receipt" storage="/home/developer/projects/.github-item-2797-review-escalation/tests/fs.gg.coord.core.tests/bin/release/net10.0/fs.gg.coord.core.tests.dll" id="479f4514-6e03-5daa-536f-c74fd65b6478">
      <Execution id="167b54b7-3b69-4ca0-8305-607544a1965a" />
      <TestMethod codeBase="/home/developer/projects/.github-item-2797-review-escalation/tests/FS.GG.Coord.Core.Tests/bin/Release/net10.0/FS.GG.Coord.Core.Tests.dll" adapterTypeName="executor://xunit/VsTestRunner3/netcore/" className="FS.GG.Coord.Core.Tests.ReviewWaitTests" name="2756 an orphan terminal is invalid rather than no receipt" />
    </UnitTest>
    <UnitTest name="FS.GG.Coord.Core.Tests.ReviewWaitTests.2756 a terminal event cannot hide a changed claim generation" storage="/home/developer/projects/.github-item-2797-review-escalation/tests/fs.gg.coord.core.tests/bin/release/net10.0/fs.gg.coord.core.tests.dll" id="e3768873-49a3-aa63-e9bc-0e6fee131b49">
      <Execution id="4cc921e0-2314-4246-993d-ce54202ae2bb" />
      <TestMethod codeBase="/home/developer/projects/.github-item-2797-review-escalation/tests/FS.GG.Coord.Core.Tests/bin/Release/net10.0/FS.GG.Coord.Core.Tests.dll" adapterTypeName="executor://xunit/VsTestRunner3/netcore/" className="FS.GG.Coord.Core.Tests.ReviewWaitTests" name="2756 a terminal event cannot hide a changed claim generation" />
    </UnitTest>
    <UnitTest name="FS.GG.Coord.Core.Tests.ReviewWaitTests.2756 a changed claim generation never resurrects mutation authority" storage="/home/developer/projects/.github-item-2797-review-escalation/tests/fs.gg.coord.core.tests/bin/release/net10.0/fs.gg.coord.core.tests.dll" id="59fff261-6e71-dfe3-a0a2-40c9ed2d12af">
      <Execution id="cefd081e-dc19-4e22-b9af-d4d6c1c6bd32" />
      <TestMethod codeBase="/home/developer/projects/.github-item-2797-review-escalation/tests/FS.GG.Coord.Core.Tests/bin/Release/net10.0/FS.GG.Coord.Core.Tests.dll" adapterTypeName="executor://xunit/VsTestRunner3/netcore/" className="FS.GG.Coord.Core.Tests.ReviewWaitTests" name="2756 a changed claim generation never resurrects mutation authority" />
    </UnitTest>
    <UnitTest name="FS.GG.Coord.Core.Tests.ReviewWaitTests.2797 completed ordinary round three survives claim turnover as exhaustion evidence" storage="/home/developer/projects/.github-item-2797-review-escalation/tests/fs.gg.coord.core.tests/bin/release/net10.0/fs.gg.coord.core.tests.dll" id="7a8a9930-c2c5-f40f-cbd3-c1c4d5b0b9ff">
      <Execution id="b634237e-f9f6-4d48-866c-6496b5028a98" />
      <TestMethod codeBase="/home/developer/projects/.github-item-2797-review-escalation/tests/FS.GG.Coord.Core.Tests/bin/Release/net10.0/FS.GG.Coord.Core.Tests.dll" adapterTypeName="executor://xunit/VsTestRunner3/netcore/" className="FS.GG.Coord.Core.Tests.ReviewWaitTests" name="2797 completed ordinary round three survives claim turnover as exhaustion evidence" />
    </UnitTest>
    <UnitTest name="FS.GG.Coord.Core.Tests.ReviewWaitTests.2756 first durable terminal wins even when a later comment is backdated" storage="/home/developer/projects/.github-item-2797-review-escalation/tests/fs.gg.coord.core.tests/bin/release/net10.0/fs.gg.coord.core.tests.dll" id="aa703a1a-4442-54c1-9a38-3045b09bd9e5">
      <Execution id="ca9e3066-55e2-41ae-acb3-e48ab6fdf7f0" />
      <TestMethod codeBase="/home/developer/projects/.github-item-2797-review-escalation/tests/FS.GG.Coord.Core.Tests/bin/Release/net10.0/FS.GG.Coord.Core.Tests.dll" adapterTypeName="executor://xunit/VsTestRunner3/netcore/" className="FS.GG.Coord.Core.Tests.ReviewWaitTests" name="2756 first durable terminal wins even when a later comment is backdated" />
    </UnitTest>
    <UnitTest name="FS.GG.Coord.Core.Tests.ReviewWaitTests.2756 a current receipt reserves after the active lease duration" storage="/home/developer/projects/.github-item-2797-review-escalation/tests/fs.gg.coord.core.tests/bin/release/net10.0/fs.gg.coord.core.tests.dll" id="ee4fd9cb-0028-3757-fcba-de34dcc2a40b">
      <Execution id="42abe012-ae58-4a47-9c65-c93d4076dbba" />
      <TestMethod codeBase="/home/developer/projects/.github-item-2797-review-escalation/tests/FS.GG.Coord.Core.Tests/bin/Release/net10.0/FS.GG.Coord.Core.Tests.dll" adapterTypeName="executor://xunit/VsTestRunner3/netcore/" className="FS.GG.Coord.Core.Tests.ReviewWaitTests" name="2756 a current receipt reserves after the active lease duration" />
    </UnitTest>
    <UnitTest name="FS.GG.Coord.Core.Tests.ReviewWaitTests.2756 a premature timeout cannot consume the bounded wait" storage="/home/developer/projects/.github-item-2797-review-escalation/tests/fs.gg.coord.core.tests/bin/release/net10.0/fs.gg.coord.core.tests.dll" id="fde1b733-5a69-c9ee-95f8-ffb1a27dc3b7">
      <Execution id="8e4ed128-cb56-46dd-ba52-27dab52a9771" />
      <TestMethod codeBase="/home/developer/projects/.github-item-2797-review-escalation/tests/FS.GG.Coord.Core.Tests/bin/Release/net10.0/FS.GG.Coord.Core.Tests.dll" adapterTypeName="executor://xunit/VsTestRunner3/netcore/" className="FS.GG.Coord.Core.Tests.ReviewWaitTests" name="2756 a premature timeout cannot consume the bounded wait" />
    </UnitTest>
    <UnitTest name="FS.GG.Coord.Core.Tests.ReviewWaitTests.2797 claim turnover preserves no non-exhaustion generation(generation: &quot;short:repair-confirmation:3&quot;)" storage="/home/developer/projects/.github-item-2797-review-escalation/tests/fs.gg.coord.core.tests/bin/release/net10.0/fs.gg.coord.core.tests.dll" id="58ca5d32-c90d-8e36-0019-7b45f7c4c069">
      <Execution id="70fb950e-0cc8-4acc-9fb8-dc586634b782" />
      <TestMethod codeBase="/home/developer/projects/.github-item-2797-review-escalation/tests/FS.GG.Coord.Core.Tests/bin/Release/net10.0/FS.GG.Coord.Core.Tests.dll" adapterTypeName="executor://xunit/VsTestRunner3/netcore/" className="FS.GG.Coord.Core.Tests.ReviewWaitTests" name="2797 claim turnover preserves no non-exhaustion generation" />
    </UnitTest>
  </TestDefinitions>
  <TestEntries>
    <TestEntry testId="59fff261-6e71-dfe3-a0a2-40c9ed2d12af" executionId="cefd081e-dc19-4e22-b9af-d4d6c1c6bd32" testListId="8c84fa94-04c1-424b-9868-57a2d4851a1d" />
    <TestEntry testId="3942fa53-4e3c-8028-c7f3-d428bed9b498" executionId="dcf93fb2-e926-451b-844b-ff313a992d5a" testListId="8c84fa94-04c1-424b-9868-57a2d4851a1d" />
    <TestEntry testId="840a1dac-786f-9b9f-8577-dff94c56333a" executionId="49b4fccf-d1d9-4988-af56-1376e159561b" testListId="8c84fa94-04c1-424b-9868-57a2d4851a1d" />
    <TestEntry testId="fde1b733-5a69-c9ee-95f8-ffb1a27dc3b7" executionId="8e4ed128-cb56-46dd-ba52-27dab52a9771" testListId="8c84fa94-04c1-424b-9868-57a2d4851a1d" />
    <TestEntry testId="58ca5d32-c90d-8e36-0019-7b45f7c4c069" executionId="70fb950e-0cc8-4acc-9fb8-dc586634b782" testListId="8c84fa94-04c1-424b-9868-57a2d4851a1d" />
    <TestEntry testId="5abe4bc0-7d70-6224-45c2-58a0029109df" executionId="78f6d5d5-2687-4896-8548-719b5322e0bc" testListId="8c84fa94-04c1-424b-9868-57a2d4851a1d" />
    <TestEntry testId="19dc96f4-3412-00d5-6f35-0391fa3e97f5" executionId="afd3f9ef-c086-4115-ac12-c62be23ad794" testListId="8c84fa94-04c1-424b-9868-57a2d4851a1d" />
    <TestEntry testId="7a8a9930-c2c5-f40f-cbd3-c1c4d5b0b9ff" executionId="b634237e-f9f6-4d48-866c-6496b5028a98" testListId="8c84fa94-04c1-424b-9868-57a2d4851a1d" />
    <TestEntry testId="89bff85b-2be1-6b12-24a8-7d8e4fa54d7a" executionId="ec94d979-fe53-48e0-9f3c-4ff743305dd8" testListId="8c84fa94-04c1-424b-9868-57a2d4851a1d" />
    <TestEntry testId="cbe6b380-dac9-af9a-f894-fc65bb972339" executionId="27ed673f-ad7f-41ec-8659-109e9b1cf417" testListId="8c84fa94-04c1-424b-9868-57a2d4851a1d" />
    <TestEntry testId="6d9ce047-4ef0-1445-212f-16363a352748" executionId="931464d2-0909-4fb8-82be-27460de7ce05" testListId="8c84fa94-04c1-424b-9868-57a2d4851a1d" />
    <TestEntry testId="479f4514-6e03-5daa-536f-c74fd65b6478" executionId="167b54b7-3b69-4ca0-8305-607544a1965a" testListId="8c84fa94-04c1-424b-9868-57a2d4851a1d" />
    <TestEntry testId="6d0a18a6-fd9d-a95f-b61b-a5638d62dc9f" executionId="5ead867d-8656-43d2-a854-7db2ba044489" testListId="8c84fa94-04c1-424b-9868-57a2d4851a1d" />
    <TestEntry testId="633379d4-71e0-97bc-ea81-82dbc16fc320" executionId="a3795e67-05e5-4c81-a089-583177822d02" testListId="8c84fa94-04c1-424b-9868-57a2d4851a1d" />
    <TestEntry testId="ae7fef02-9280-5f11-6ef2-04bc995d4231" executionId="6fdeacd9-bc1b-491f-bcf8-ea7e45ffcb6d" testListId="8c84fa94-04c1-424b-9868-57a2d4851a1d" />
    <TestEntry testId="aa703a1a-4442-54c1-9a38-3045b09bd9e5" executionId="ca9e3066-55e2-41ae-acb3-e48ab6fdf7f0" testListId="8c84fa94-04c1-424b-9868-57a2d4851a1d" />
    <TestEntry testId="791ef759-c31d-5652-09ae-cd7239a2f2f8" executionId="ef17a33e-526b-4179-bcf9-0b78ce9505a1" testListId="8c84fa94-04c1-424b-9868-57a2d4851a1d" />
    <TestEntry testId="ee4fd9cb-0028-3757-fcba-de34dcc2a40b" executionId="42abe012-ae58-4a47-9c65-c93d4076dbba" testListId="8c84fa94-04c1-424b-9868-57a2d4851a1d" />
    <TestEntry testId="e3768873-49a3-aa63-e9bc-0e6fee131b49" executionId="4cc921e0-2314-4246-993d-ce54202ae2bb" testListId="8c84fa94-04c1-424b-9868-57a2d4851a1d" />
  </TestEntries>
  <TestLists>
    <TestList name="Results Not in a List" id="8c84fa94-04c1-424b-9868-57a2d4851a1d" />
    <TestList name="All Loaded Results" id="19431567-8539-422a-85d7-44ee4e166bda" />
  </TestLists>
  <ResultSummary outcome="Completed">
    <Counters total="19" executed="19" passed="19" failed="0" error="0" timeout="0" aborted="0" inconclusive="0" passedButRunAborted="0" notRunnable="0" notExecuted="0" disconnected="0" warning="0" completed="0" inProgress="0" pending="0" />
    <Output>
      <StdOut>[xUnit.net 00:00:00.00] xUnit.net VSTest Adapter v3.1.5+1b188a7b0a (64-bit .NET 10.0.10)
[xUnit.net 00:00:00.05]   Discovering: FS.GG.Coord.Core.Tests
[xUnit.net 00:00:00.11]   Discovered:  FS.GG.Coord.Core.Tests
[xUnit.net 00:00:00.12]   Starting:    FS.GG.Coord.Core.Tests
[xUnit.net 00:00:00.17]   Finished:    FS.GG.Coord.Core.Tests
</StdOut>
    </Output>
  </ResultSummary>
</TestRun>