<?xml version="1.0" encoding="utf-8"?>
<TestRun id="7c01eab5-9b2f-4526-be3f-6ef4a3c8332c" name="@c2756152e150 2026-08-22 11:31:18" xmlns="http://microsoft.com/schemas/VisualStudio/TeamTest/2010">
  <Times creation="2026-08-22T11:31:18.3640671+02:00" queuing="2026-08-22T11:31:18.3640672+02:00" start="2026-08-22T11:31:17.9868030+02:00" finish="2026-08-22T11:31:18.7306773+02:00" />
  <TestSettings name="default" id="39ef20b8-a511-4888-a88b-b6ba9f3df862">
    <Deployment runDeploymentRoot="_c2756152e150_2026-08-22_11_31_18" />
  </TestSettings>
  <Results>
    <UnitTestResult executionId="31753d74-d95a-4872-8bab-2fe2f8bbfc0c" testId="8be37a00-360b-f885-551c-0b1b4abbd537" testName="FS.GG.Coord.Tests.DeliveryTests.#2773 an unread authority makes an uncovered path Unknown rather than admitted" computerName="c2756152e150" duration="00:00:00.0007852" startTime="2026-08-22T11:31:18.3116303+02:00" endTime="2026-08-22T11:31:18.3116391+02:00" testType="13cdc9d9-ddb5-4fa4-a97d-d965ccfc6d4b" outcome="Passed" testListId="8c84fa94-04c1-424b-9868-57a2d4851a1d" relativeResultsDirectory="31753d74-d95a-4872-8bab-2fe2f8bbfc0c" />
    <UnitTestResult executionId="b2094991-0dda-4ba7-b2cf-56be455d23db" testId="339b10d5-0a8b-01a8-5ac6-16cf0a108f39" testName="FS.GG.Coord.Cli.Tests.DeliveryApplicationTests.#2773 repairReviewHandoff renders its concrete problem(format: &quot;--text&quot;)" computerName="c2756152e150" duration="00:00:00.0572825" startTime="2026-08-22T11:31:18.6416668+02:00" endTime="2026-08-22T11:31:18.7021414+02:00" testType="13cdc9d9-ddb5-4fa4-a97d-d965ccfc6d4b" outcome="Passed" testListId="8c84fa94-04c1-424b-9868-57a2d4851a1d" relativeResultsDirectory="b2094991-0dda-4ba7-b2cf-56be455d23db" />
    <UnitTestResult executionId="b239edad-61d4-42f4-abde-bbe936b5c602" testId="5641a159-ad6a-64f9-5b1d-85890fb8c015" testName="FS.GG.Coord.Cli.Tests.DeliveryApplicationTests.#2773 repairReviewHandoff renders its concrete problem(format: &quot;--json&quot;)" computerName="c2756152e150" duration="00:00:00.0046702" startTime="2026-08-22T11:31:18.7080393+02:00" endTime="2026-08-22T11:31:18.7080644+02:00" testType="13cdc9d9-ddb5-4fa4-a97d-d965ccfc6d4b" outcome="Passed" testListId="8c84fa94-04c1-424b-9868-57a2d4851a1d" relativeResultsDirectory="b239edad-61d4-42f4-abde-bbe936b5c602" />
    <UnitTestResult executionId="9a1d7f9c-95b8-41cc-b030-51644e25b420" testId="eb393f08-7337-dbe3-ae21-058dfb0eef81" testName="FS.GG.Coord.Tests.DeliveryTests.#2773 a known exemption can admit without laundering the other unread authority" computerName="c2756152e150" duration="00:00:00.0079992" startTime="2026-08-22T11:31:18.2949636+02:00" endTime="2026-08-22T11:31:18.3058801+02:00" testType="13cdc9d9-ddb5-4fa4-a97d-d965ccfc6d4b" outcome="Passed" testListId="8c84fa94-04c1-424b-9868-57a2d4851a1d" relativeResultsDirectory="9a1d7f9c-95b8-41cc-b030-51644e25b420" />
    <UnitTestResult executionId="8948e39d-9693-46f3-b155-e36fd04f8d8d" testId="cc0575be-441a-2074-cedf-a83447f0ea71" testName="FS.GG.Coord.Tests.DeliveryTests.#2773 one classifier enumerates every path admission with authority revisions" computerName="c2756152e150" duration="00:00:00.0043879" startTime="2026-08-22T11:31:18.3113231+02:00" endTime="2026-08-22T11:31:18.3113433+02:00" testType="13cdc9d9-ddb5-4fa4-a97d-d965ccfc6d4b" outcome="Passed" testListId="8c84fa94-04c1-424b-9868-57a2d4851a1d" relativeResultsDirectory="8948e39d-9693-46f3-b155-e36fd04f8d8d" />
  </Results>
  <TestDefinitions>
    <UnitTest name="FS.GG.Coord.Cli.Tests.DeliveryApplicationTests.#2773 repairReviewHandoff renders its concrete problem(format: &quot;--text&quot;)" storage="/home/developer/fsgg-driver/worktrees/2773-finch-7368/tests/fs.gg.coord.cli.tests/bin/release/net10.0/fs.gg.coord.cli.tests.dll" id="339b10d5-0a8b-01a8-5ac6-16cf0a108f39">
      <Execution id="b2094991-0dda-4ba7-b2cf-56be455d23db" />
      <TestMethod codeBase="/home/developer/fsgg-driver/worktrees/2773-finch-7368/tests/FS.GG.Coord.Cli.Tests/bin/Release/net10.0/FS.GG.Coord.Cli.Tests.dll" adapterTypeName="executor://xunit/VsTestRunner3/netcore/" className="FS.GG.Coord.Cli.Tests.DeliveryApplicationTests" name="#2773 repairReviewHandoff renders its concrete problem" />
    </UnitTest>
    <UnitTest name="FS.GG.Coord.Cli.Tests.DeliveryApplicationTests.#2773 repairReviewHandoff renders its concrete problem(format: &quot;--json&quot;)" storage="/home/developer/fsgg-driver/worktrees/2773-finch-7368/tests/fs.gg.coord.cli.tests/bin/release/net10.0/fs.gg.coord.cli.tests.dll" id="5641a159-ad6a-64f9-5b1d-85890fb8c015">
      <Execution id="b239edad-61d4-42f4-abde-bbe936b5c602" />
      <TestMethod codeBase="/home/developer/fsgg-driver/worktrees/2773-finch-7368/tests/FS.GG.Coord.Cli.Tests/bin/Release/net10.0/FS.GG.Coord.Cli.Tests.dll" adapterTypeName="executor://xunit/VsTestRunner3/netcore/" className="FS.GG.Coord.Cli.Tests.DeliveryApplicationTests" name="#2773 repairReviewHandoff renders its concrete problem" />
    </UnitTest>
    <UnitTest name="FS.GG.Coord.Tests.DeliveryTests.#2773 a known exemption can admit without laundering the other unread authority" storage="/home/developer/fsgg-driver/worktrees/2773-finch-7368/tests/fs.gg.coord.core.tests/bin/release/net10.0/fs.gg.coord.core.tests.dll" id="eb393f08-7337-dbe3-ae21-058dfb0eef81">
      <Execution id="9a1d7f9c-95b8-41cc-b030-51644e25b420" />
      <TestMethod codeBase="/home/developer/fsgg-driver/worktrees/2773-finch-7368/tests/FS.GG.Coord.Core.Tests/bin/Release/net10.0/FS.GG.Coord.Core.Tests.dll" adapterTypeName="executor://xunit/VsTestRunner3/netcore/" className="FS.GG.Coord.Tests.DeliveryTests" name="#2773 a known exemption can admit without laundering the other unread authority" />
    </UnitTest>
    <UnitTest name="FS.GG.Coord.Tests.DeliveryTests.#2773 one classifier enumerates every path admission with authority revisions" storage="/home/developer/fsgg-driver/worktrees/2773-finch-7368/tests/fs.gg.coord.core.tests/bin/release/net10.0/fs.gg.coord.core.tests.dll" id="cc0575be-441a-2074-cedf-a83447f0ea71">
      <Execution id="8948e39d-9693-46f3-b155-e36fd04f8d8d" />
      <TestMethod codeBase="/home/developer/fsgg-driver/worktrees/2773-finch-7368/tests/FS.GG.Coord.Core.Tests/bin/Release/net10.0/FS.GG.Coord.Core.Tests.dll" adapterTypeName="executor://xunit/VsTestRunner3/netcore/" className="FS.GG.Coord.Tests.DeliveryTests" name="#2773 one classifier enumerates every path admission with authority revisions" />
    </UnitTest>
    <UnitTest name="FS.GG.Coord.Tests.DeliveryTests.#2773 an unread authority makes an uncovered path Unknown rather than admitted" storage="/home/developer/fsgg-driver/worktrees/2773-finch-7368/tests/fs.gg.coord.core.tests/bin/release/net10.0/fs.gg.coord.core.tests.dll" id="8be37a00-360b-f885-551c-0b1b4abbd537">
      <Execution id="31753d74-d95a-4872-8bab-2fe2f8bbfc0c" />
      <TestMethod codeBase="/home/developer/fsgg-driver/worktrees/2773-finch-7368/tests/FS.GG.Coord.Core.Tests/bin/Release/net10.0/FS.GG.Coord.Core.Tests.dll" adapterTypeName="executor://xunit/VsTestRunner3/netcore/" className="FS.GG.Coord.Tests.DeliveryTests" name="#2773 an unread authority makes an uncovered path Unknown rather than admitted" />
    </UnitTest>
  </TestDefinitions>
  <TestEntries>
    <TestEntry testId="8be37a00-360b-f885-551c-0b1b4abbd537" executionId="31753d74-d95a-4872-8bab-2fe2f8bbfc0c" testListId="8c84fa94-04c1-424b-9868-57a2d4851a1d" />
    <TestEntry testId="339b10d5-0a8b-01a8-5ac6-16cf0a108f39" executionId="b2094991-0dda-4ba7-b2cf-56be455d23db" testListId="8c84fa94-04c1-424b-9868-57a2d4851a1d" />
    <TestEntry testId="5641a159-ad6a-64f9-5b1d-85890fb8c015" executionId="b239edad-61d4-42f4-abde-bbe936b5c602" testListId="8c84fa94-04c1-424b-9868-57a2d4851a1d" />
    <TestEntry testId="eb393f08-7337-dbe3-ae21-058dfb0eef81" executionId="9a1d7f9c-95b8-41cc-b030-51644e25b420" testListId="8c84fa94-04c1-424b-9868-57a2d4851a1d" />
    <TestEntry testId="cc0575be-441a-2074-cedf-a83447f0ea71" executionId="8948e39d-9693-46f3-b155-e36fd04f8d8d" testListId="8c84fa94-04c1-424b-9868-57a2d4851a1d" />
  </TestEntries>
  <TestLists>
    <TestList name="Results Not in a List" id="8c84fa94-04c1-424b-9868-57a2d4851a1d" />
    <TestList name="All Loaded Results" id="19431567-8539-422a-85d7-44ee4e166bda" />
  </TestLists>
  <ResultSummary outcome="Completed">
    <Counters total="5" executed="5" passed="5" failed="0" error="0" timeout="0" aborted="0" inconclusive="0" passedButRunAborted="0" notRunnable="0" notExecuted="0" disconnected="0" warning="0" completed="0" inProgress="0" pending="0" />
    <Output>
      <StdOut>[xUnit.net 00:00:00.00] xUnit.net VSTest Adapter v3.1.5+1b188a7b0a (64-bit .NET 10.0.10)
[xUnit.net 00:00:00.05]   Discovering: FS.GG.Coord.Core.Tests
[xUnit.net 00:00:00.10]   Discovered:  FS.GG.Coord.Core.Tests
[xUnit.net 00:00:00.11]   Starting:    FS.GG.Coord.Core.Tests
[xUnit.net 00:00:00.14]   Finished:    FS.GG.Coord.Core.Tests
[xUnit.net 00:00:00.00] xUnit.net VSTest Adapter v3.1.5+1b188a7b0a (64-bit .NET 10.0.10)
[xUnit.net 00:00:00.06]   Discovering: FS.GG.Coord.Cli.Tests
[xUnit.net 00:00:00.10]   Discovered:  FS.GG.Coord.Cli.Tests
[xUnit.net 00:00:00.12]   Starting:    FS.GG.Coord.Cli.Tests
[xUnit.net 00:00:00.20]   Finished:    FS.GG.Coord.Cli.Tests
</StdOut>
    </Output>
  </ResultSummary>
</TestRun>