<?xml version="1.0" encoding="utf-8"?>
<TestRun id="8c9492d7-355c-4aaa-8a5b-e9985e51425b" name="@c2756152e150 2026-08-22 13:18:24" xmlns="http://microsoft.com/schemas/VisualStudio/TeamTest/2010">
  <Times creation="2026-08-22T13:18:24.4101309+02:00" queuing="2026-08-22T13:18:24.4101309+02:00" start="2026-08-22T13:18:24.0139295+02:00" finish="2026-08-22T13:18:24.7902206+02:00" />
  <TestSettings name="default" id="60af0b36-bc35-4d89-b21c-6522033574c1">
    <Deployment runDeploymentRoot="_c2756152e150_2026-08-22_13_18_24" />
  </TestSettings>
  <Results>
    <UnitTestResult executionId="9f6c4fdf-bb47-4a4a-8b09-4719c8ecf1ce" testId="cc0575be-441a-2074-cedf-a83447f0ea71" testName="FS.GG.Coord.Tests.DeliveryTests.#2773 one classifier enumerates every path admission with authority revisions" computerName="c2756152e150" duration="00:00:00.0142553" startTime="2026-08-22T13:18:24.3332997+02:00" endTime="2026-08-22T13:18:24.3508316+02:00" testType="13cdc9d9-ddb5-4fa4-a97d-d965ccfc6d4b" outcome="Passed" testListId="8c84fa94-04c1-424b-9868-57a2d4851a1d" relativeResultsDirectory="9f6c4fdf-bb47-4a4a-8b09-4719c8ecf1ce" />
    <UnitTestResult executionId="e6810c12-68fa-4b92-9a7b-96054bf7dba2" testId="84f3ef80-6b8f-2990-3aca-d147653227e5" testName="FS.GG.Coord.Cli.Tests.DeliveryApplicationTests.#2773 delivery and verify-paths project every admission case identically" computerName="c2756152e150" duration="00:00:00.0023333" startTime="2026-08-22T13:18:24.7674994+02:00" endTime="2026-08-22T13:18:24.7675113+02:00" testType="13cdc9d9-ddb5-4fa4-a97d-d965ccfc6d4b" outcome="Passed" testListId="8c84fa94-04c1-424b-9868-57a2d4851a1d" relativeResultsDirectory="e6810c12-68fa-4b92-9a7b-96054bf7dba2" />
    <UnitTestResult executionId="25c23ede-0e1d-45f1-8b0f-be69857e97ab" testId="8be37a00-360b-f885-551c-0b1b4abbd537" testName="FS.GG.Coord.Tests.DeliveryTests.#2773 an unread authority makes an uncovered path Unknown rather than admitted" computerName="c2756152e150" duration="00:00:00.0012428" startTime="2026-08-22T13:18:24.3567536+02:00" endTime="2026-08-22T13:18:24.3567856+02:00" testType="13cdc9d9-ddb5-4fa4-a97d-d965ccfc6d4b" outcome="Passed" testListId="8c84fa94-04c1-424b-9868-57a2d4851a1d" relativeResultsDirectory="25c23ede-0e1d-45f1-8b0f-be69857e97ab" />
    <UnitTestResult executionId="08d64c38-1724-4522-95d8-96124406909f" testId="5641a159-ad6a-64f9-5b1d-85890fb8c015" testName="FS.GG.Coord.Cli.Tests.DeliveryApplicationTests.#2773 repairReviewHandoff renders its concrete problem(format: &quot;--json&quot;)" computerName="c2756152e150" duration="00:00:00.0035555" startTime="2026-08-22T13:18:24.7667165+02:00" endTime="2026-08-22T13:18:24.7667481+02:00" testType="13cdc9d9-ddb5-4fa4-a97d-d965ccfc6d4b" outcome="Passed" testListId="8c84fa94-04c1-424b-9868-57a2d4851a1d" relativeResultsDirectory="08d64c38-1724-4522-95d8-96124406909f" />
    <UnitTestResult executionId="e8d8c78d-b17e-46de-af1c-4cb6372a511d" testId="339b10d5-0a8b-01a8-5ac6-16cf0a108f39" testName="FS.GG.Coord.Cli.Tests.DeliveryApplicationTests.#2773 repairReviewHandoff renders its concrete problem(format: &quot;--text&quot;)" computerName="c2756152e150" duration="00:00:00.0587491" startTime="2026-08-22T13:18:24.6988123+02:00" endTime="2026-08-22T13:18:24.7610400+02:00" testType="13cdc9d9-ddb5-4fa4-a97d-d965ccfc6d4b" outcome="Passed" testListId="8c84fa94-04c1-424b-9868-57a2d4851a1d" relativeResultsDirectory="e8d8c78d-b17e-46de-af1c-4cb6372a511d" />
    <UnitTestResult executionId="473fca58-5b8f-4a80-a226-2204afdf01a6" testId="28fbdac8-9998-0424-046d-f7687183d6d6" testName="FS.GG.Coord.Tests.DeliveryTests.#2773 an unread authority overrides a known exemption for an uncovered path" computerName="c2756152e150" duration="00:00:00.0001140" startTime="2026-08-22T13:18:24.3570811+02:00" endTime="2026-08-22T13:18:24.3570906+02:00" testType="13cdc9d9-ddb5-4fa4-a97d-d965ccfc6d4b" outcome="Passed" testListId="8c84fa94-04c1-424b-9868-57a2d4851a1d" relativeResultsDirectory="473fca58-5b8f-4a80-a226-2204afdf01a6" />
  </Results>
  <TestDefinitions>
    <UnitTest name="FS.GG.Coord.Cli.Tests.DeliveryApplicationTests.#2773 repairReviewHandoff renders its concrete problem(format: &quot;--text&quot;)" storage="/home/developer/fsgg-driver/worktrees/2773-finch-7368/tests/fs.gg.coord.cli.tests/bin/release/net10.0/fs.gg.coord.cli.tests.dll" id="339b10d5-0a8b-01a8-5ac6-16cf0a108f39">
      <Execution id="e8d8c78d-b17e-46de-af1c-4cb6372a511d" />
      <TestMethod codeBase="/home/developer/fsgg-driver/worktrees/2773-finch-7368/tests/FS.GG.Coord.Cli.Tests/bin/Release/net10.0/FS.GG.Coord.Cli.Tests.dll" adapterTypeName="executor://xunit/VsTestRunner3/netcore/" className="FS.GG.Coord.Cli.Tests.DeliveryApplicationTests" name="#2773 repairReviewHandoff renders its concrete problem" />
    </UnitTest>
    <UnitTest name="FS.GG.Coord.Tests.DeliveryTests.#2773 an unread authority overrides a known exemption for an uncovered path" storage="/home/developer/fsgg-driver/worktrees/2773-finch-7368/tests/fs.gg.coord.core.tests/bin/release/net10.0/fs.gg.coord.core.tests.dll" id="28fbdac8-9998-0424-046d-f7687183d6d6">
      <Execution id="473fca58-5b8f-4a80-a226-2204afdf01a6" />
      <TestMethod codeBase="/home/developer/fsgg-driver/worktrees/2773-finch-7368/tests/FS.GG.Coord.Core.Tests/bin/Release/net10.0/FS.GG.Coord.Core.Tests.dll" adapterTypeName="executor://xunit/VsTestRunner3/netcore/" className="FS.GG.Coord.Tests.DeliveryTests" name="#2773 an unread authority overrides a known exemption for an uncovered path" />
    </UnitTest>
    <UnitTest name="FS.GG.Coord.Cli.Tests.DeliveryApplicationTests.#2773 delivery and verify-paths project every admission case identically" storage="/home/developer/fsgg-driver/worktrees/2773-finch-7368/tests/fs.gg.coord.cli.tests/bin/release/net10.0/fs.gg.coord.cli.tests.dll" id="84f3ef80-6b8f-2990-3aca-d147653227e5">
      <Execution id="e6810c12-68fa-4b92-9a7b-96054bf7dba2" />
      <TestMethod codeBase="/home/developer/fsgg-driver/worktrees/2773-finch-7368/tests/FS.GG.Coord.Cli.Tests/bin/Release/net10.0/FS.GG.Coord.Cli.Tests.dll" adapterTypeName="executor://xunit/VsTestRunner3/netcore/" className="FS.GG.Coord.Cli.Tests.DeliveryApplicationTests" name="#2773 delivery and verify-paths project every admission case identically" />
    </UnitTest>
    <UnitTest name="FS.GG.Coord.Cli.Tests.DeliveryApplicationTests.#2773 repairReviewHandoff renders its concrete problem(format: &quot;--json&quot;)" storage="/home/developer/fsgg-driver/worktrees/2773-finch-7368/tests/fs.gg.coord.cli.tests/bin/release/net10.0/fs.gg.coord.cli.tests.dll" id="5641a159-ad6a-64f9-5b1d-85890fb8c015">
      <Execution id="08d64c38-1724-4522-95d8-96124406909f" />
      <TestMethod codeBase="/home/developer/fsgg-driver/worktrees/2773-finch-7368/tests/FS.GG.Coord.Cli.Tests/bin/Release/net10.0/FS.GG.Coord.Cli.Tests.dll" adapterTypeName="executor://xunit/VsTestRunner3/netcore/" className="FS.GG.Coord.Cli.Tests.DeliveryApplicationTests" name="#2773 repairReviewHandoff renders its concrete problem" />
    </UnitTest>
    <UnitTest name="FS.GG.Coord.Tests.DeliveryTests.#2773 one classifier enumerates every path admission with authority revisions" storage="/home/developer/fsgg-driver/worktrees/2773-finch-7368/tests/fs.gg.coord.core.tests/bin/release/net10.0/fs.gg.coord.core.tests.dll" id="cc0575be-441a-2074-cedf-a83447f0ea71">
      <Execution id="9f6c4fdf-bb47-4a4a-8b09-4719c8ecf1ce" />
      <TestMethod codeBase="/home/developer/fsgg-driver/worktrees/2773-finch-7368/tests/FS.GG.Coord.Core.Tests/bin/Release/net10.0/FS.GG.Coord.Core.Tests.dll" adapterTypeName="executor://xunit/VsTestRunner3/netcore/" className="FS.GG.Coord.Tests.DeliveryTests" name="#2773 one classifier enumerates every path admission with authority revisions" />
    </UnitTest>
    <UnitTest name="FS.GG.Coord.Tests.DeliveryTests.#2773 an unread authority makes an uncovered path Unknown rather than admitted" storage="/home/developer/fsgg-driver/worktrees/2773-finch-7368/tests/fs.gg.coord.core.tests/bin/release/net10.0/fs.gg.coord.core.tests.dll" id="8be37a00-360b-f885-551c-0b1b4abbd537">
      <Execution id="25c23ede-0e1d-45f1-8b0f-be69857e97ab" />
      <TestMethod codeBase="/home/developer/fsgg-driver/worktrees/2773-finch-7368/tests/FS.GG.Coord.Core.Tests/bin/Release/net10.0/FS.GG.Coord.Core.Tests.dll" adapterTypeName="executor://xunit/VsTestRunner3/netcore/" className="FS.GG.Coord.Tests.DeliveryTests" name="#2773 an unread authority makes an uncovered path Unknown rather than admitted" />
    </UnitTest>
  </TestDefinitions>
  <TestEntries>
    <TestEntry testId="cc0575be-441a-2074-cedf-a83447f0ea71" executionId="9f6c4fdf-bb47-4a4a-8b09-4719c8ecf1ce" testListId="8c84fa94-04c1-424b-9868-57a2d4851a1d" />
    <TestEntry testId="84f3ef80-6b8f-2990-3aca-d147653227e5" executionId="e6810c12-68fa-4b92-9a7b-96054bf7dba2" testListId="8c84fa94-04c1-424b-9868-57a2d4851a1d" />
    <TestEntry testId="8be37a00-360b-f885-551c-0b1b4abbd537" executionId="25c23ede-0e1d-45f1-8b0f-be69857e97ab" testListId="8c84fa94-04c1-424b-9868-57a2d4851a1d" />
    <TestEntry testId="5641a159-ad6a-64f9-5b1d-85890fb8c015" executionId="08d64c38-1724-4522-95d8-96124406909f" testListId="8c84fa94-04c1-424b-9868-57a2d4851a1d" />
    <TestEntry testId="339b10d5-0a8b-01a8-5ac6-16cf0a108f39" executionId="e8d8c78d-b17e-46de-af1c-4cb6372a511d" testListId="8c84fa94-04c1-424b-9868-57a2d4851a1d" />
    <TestEntry testId="28fbdac8-9998-0424-046d-f7687183d6d6" executionId="473fca58-5b8f-4a80-a226-2204afdf01a6" testListId="8c84fa94-04c1-424b-9868-57a2d4851a1d" />
  </TestEntries>
  <TestLists>
    <TestList name="Results Not in a List" id="8c84fa94-04c1-424b-9868-57a2d4851a1d" />
    <TestList name="All Loaded Results" id="19431567-8539-422a-85d7-44ee4e166bda" />
  </TestLists>
  <ResultSummary outcome="Completed">
    <Counters total="6" executed="6" passed="6" failed="0" error="0" timeout="0" aborted="0" inconclusive="0" passedButRunAborted="0" notRunnable="0" notExecuted="0" disconnected="0" warning="0" completed="0" inProgress="0" pending="0" />
    <Output>
      <StdOut>[xUnit.net 00:00:00.00] xUnit.net VSTest Adapter v3.1.5+1b188a7b0a (64-bit .NET 10.0.10)
[xUnit.net 00:00:00.05]   Discovering: FS.GG.Coord.Core.Tests
[xUnit.net 00:00:00.10]   Discovered:  FS.GG.Coord.Core.Tests
[xUnit.net 00:00:00.12]   Starting:    FS.GG.Coord.Core.Tests
[xUnit.net 00:00:00.15]   Finished:    FS.GG.Coord.Core.Tests
[xUnit.net 00:00:00.00] xUnit.net VSTest Adapter v3.1.5+1b188a7b0a (64-bit .NET 10.0.10)
[xUnit.net 00:00:00.06]   Discovering: FS.GG.Coord.Cli.Tests
[xUnit.net 00:00:00.11]   Discovered:  FS.GG.Coord.Cli.Tests
[xUnit.net 00:00:00.12]   Starting:    FS.GG.Coord.Cli.Tests
[xUnit.net 00:00:00.20]   Finished:    FS.GG.Coord.Cli.Tests
</StdOut>
    </Output>
  </ResultSummary>
</TestRun>