<?xml version="1.0" encoding="utf-8"?>
<TestRun id="e0ed1ab2-dc6b-4e52-a918-023f97e0f606" name="@c2756152e150 2026-08-21 14:05:06" xmlns="http://microsoft.com/schemas/VisualStudio/TeamTest/2010">
  <Times creation="2026-08-21T14:05:06.5282509+02:00" queuing="2026-08-21T14:05:06.5282509+02:00" start="2026-08-21T14:05:05.9745513+02:00" finish="2026-08-21T14:05:06.5644409+02:00" />
  <TestSettings name="default" id="55782be5-23ef-45c4-8604-6f668a6ebaa1">
    <Deployment runDeploymentRoot="_c2756152e150_2026-08-21_14_05_06" />
  </TestSettings>
  <Results>
    <UnitTestResult executionId="a209896f-c654-498c-8df2-87516fd893fb" testId="cee039ad-9e38-316a-54b2-1a2d3a6869dc" testName="FS.GG.Coord.Cli.Tests.ClaimOverlapTests.#2801 compiled overlap wait route writes one generation-bound receipt and is retry-idempotent" computerName="c2756152e150" duration="00:00:00.0026219" startTime="2026-08-21T14:05:06.5131350+02:00" endTime="2026-08-21T14:05:06.5157102+02:00" testType="13cdc9d9-ddb5-4fa4-a97d-d965ccfc6d4b" outcome="Passed" testListId="8c84fa94-04c1-424b-9868-57a2d4851a1d" relativeResultsDirectory="a209896f-c654-498c-8df2-87516fd893fb" />
    <UnitTestResult executionId="b1ed3d9d-c403-4f9e-a137-7747b3da99dd" testId="d769efce-dcca-5d0e-1147-92193a9ee8e8" testName="FS.GG.Coord.Cli.Tests.ClaimOverlapTests.#2801 compiled no-A route acquires one authoritative board-orchestrator generation" computerName="c2756152e150" duration="00:00:00.0055274" startTime="2026-08-21T14:05:06.5201749+02:00" endTime="2026-08-21T14:05:06.5255119+02:00" testType="13cdc9d9-ddb5-4fa4-a97d-d965ccfc6d4b" outcome="Passed" testListId="8c84fa94-04c1-424b-9868-57a2d4851a1d" relativeResultsDirectory="b1ed3d9d-c403-4f9e-a137-7747b3da99dd" />
    <UnitTestResult executionId="a1ff22db-8798-4570-97ae-16e1762b06f0" testId="ef137562-1619-136c-edb8-5c756af7bd72" testName="FS.GG.Coord.Cli.Tests.ClaimOverlapTests.#2459 claim --refuse-overlap REFUSES an overlapping claim instead of warning" computerName="c2756152e150" duration="00:00:00.0012586" startTime="2026-08-21T14:05:06.5088493+02:00" endTime="2026-08-21T14:05:06.5093388+02:00" testType="13cdc9d9-ddb5-4fa4-a97d-d965ccfc6d4b" outcome="Passed" testListId="8c84fa94-04c1-424b-9868-57a2d4851a1d" relativeResultsDirectory="a1ff22db-8798-4570-97ae-16e1762b06f0" />
    <UnitTestResult executionId="1b8b1bbc-fa9b-40cd-bcb8-d1302743e096" testId="2afa83dd-b79e-084b-dca3-4b03b9a3e3dc" testName="FS.GG.Coord.Cli.Tests.ClaimOverlapTests.#2801 compiled reciprocal wait route creates one automatic room and backrefs both items" computerName="c2756152e150" duration="00:00:00.0223113" startTime="2026-08-21T14:05:06.4640486+02:00" endTime="2026-08-21T14:05:06.4808828+02:00" testType="13cdc9d9-ddb5-4fa4-a97d-d965ccfc6d4b" outcome="Passed" testListId="8c84fa94-04c1-424b-9868-57a2d4851a1d" relativeResultsDirectory="1b8b1bbc-fa9b-40cd-bcb8-d1302743e096" />
    <UnitTestResult executionId="89917ba1-8812-4755-89ed-536389b70a94" testId="1966acb2-428c-e14b-ccf8-7d2ef5943bad" testName="FS.GG.Coord.Cli.Tests.ClaimOverlapTests.#2459 claim on a DISJOINT touch-set never warns, with or without --refuse-overlap" computerName="c2756152e150" duration="00:00:00.0069267" startTime="2026-08-21T14:05:06.5087598+02:00" endTime="2026-08-21T14:05:06.5087710+02:00" testType="13cdc9d9-ddb5-4fa4-a97d-d965ccfc6d4b" outcome="Passed" testListId="8c84fa94-04c1-424b-9868-57a2d4851a1d" relativeResultsDirectory="89917ba1-8812-4755-89ed-536389b70a94" />
    <UnitTestResult executionId="ecb69941-c448-49b0-98e9-c2d030273f90" testId="69659e2c-5f4b-c5f2-1415-5ca3bbfed437" testName="FS.GG.Coord.Cli.Tests.ClaimOverlapTests.#2801 two-B generation race never authorizes two live orchestrators" computerName="c2756152e150" duration="00:00:00.0001083" startTime="2026-08-21T14:05:06.4987581+02:00" endTime="2026-08-21T14:05:06.4988461+02:00" testType="13cdc9d9-ddb5-4fa4-a97d-d965ccfc6d4b" outcome="Passed" testListId="8c84fa94-04c1-424b-9868-57a2d4851a1d" relativeResultsDirectory="ecb69941-c448-49b0-98e9-c2d030273f90" />
    <UnitTestResult executionId="d3578f4c-8a71-4678-94d3-efa26ebb4be5" testId="6a3bb3b9-6699-292d-bd87-85faed3ca294" testName="FS.GG.Coord.Cli.Tests.ClaimOverlapTests.#2801 request written under a stale A generation fails closed" computerName="c2756152e150" duration="00:00:00.0004563" startTime="2026-08-21T14:05:06.4845790+02:00" endTime="2026-08-21T14:05:06.4849776+02:00" testType="13cdc9d9-ddb5-4fa4-a97d-d965ccfc6d4b" outcome="Passed" testListId="8c84fa94-04c1-424b-9868-57a2d4851a1d" relativeResultsDirectory="d3578f4c-8a71-4678-94d3-efa26ebb4be5" />
    <UnitTestResult executionId="2e0e8efb-19ca-4589-8944-5c5dcad65908" testId="39ff3cff-dce2-d166-c5a2-c15ecc2a1f6a" testName="FS.GG.Coord.Cli.Tests.ClaimOverlapTests.#2459 claim with no other live claim at all never warns" computerName="c2756152e150" duration="00:00:00.1480217" startTime="2026-08-21T14:05:06.3073282+02:00" endTime="2026-08-21T14:05:06.4585657+02:00" testType="13cdc9d9-ddb5-4fa4-a97d-d965ccfc6d4b" outcome="Passed" testListId="8c84fa94-04c1-424b-9868-57a2d4851a1d" relativeResultsDirectory="2e0e8efb-19ca-4589-8944-5c5dcad65908" />
    <UnitTestResult executionId="710830bd-e314-4333-baf2-d4f09c74fdf9" testId="0ebbacd4-4c7c-e080-760a-72c849a9246b" testName="FS.GG.Coord.Cli.Tests.ClaimOverlapTests.#2801 detector refuses unreadable self stale missing changed nonoverlap dependency and conflict inversions" computerName="c2756152e150" duration="00:00:00.0009107" startTime="2026-08-21T14:05:06.4989690+02:00" endTime="2026-08-21T14:05:06.4997638+02:00" testType="13cdc9d9-ddb5-4fa4-a97d-d965ccfc6d4b" outcome="Passed" testListId="8c84fa94-04c1-424b-9868-57a2d4851a1d" relativeResultsDirectory="710830bd-e314-4333-baf2-d4f09c74fdf9" />
    <UnitTestResult executionId="aeb33f9b-1ae1-4eea-ac8e-3ba5307a4abc" testId="1cab8ca5-b27b-eaec-125d-715365d5755a" testName="FS.GG.Coord.Cli.Tests.ClaimOverlapTests.#2801 precedence accepts one current revision and measured digest-linked reversal" computerName="c2756152e150" duration="00:00:00.0022705" startTime="2026-08-21T14:05:06.5096160+02:00" endTime="2026-08-21T14:05:06.5118536+02:00" testType="13cdc9d9-ddb5-4fa4-a97d-d965ccfc6d4b" outcome="Passed" testListId="8c84fa94-04c1-424b-9868-57a2d4851a1d" relativeResultsDirectory="aeb33f9b-1ae1-4eea-ac8e-3ba5307a4abc" />
    <UnitTestResult executionId="313dd517-7758-447f-8210-ab675e3ec610" testId="995e8f00-a1e2-dc54-9aa5-8d295424e8f7" testName="FS.GG.Coord.Cli.Tests.ClaimOverlapTests.#2801 precedence refuses missing same-revision stale-chain participant digest and unmeasured reversal inversions" computerName="c2756152e150" duration="00:00:00.0004185" startTime="2026-08-21T14:05:06.5258517+02:00" endTime="2026-08-21T14:05:06.5262631+02:00" testType="13cdc9d9-ddb5-4fa4-a97d-d965ccfc6d4b" outcome="Passed" testListId="8c84fa94-04c1-424b-9868-57a2d4851a1d" relativeResultsDirectory="313dd517-7758-447f-8210-ab675e3ec610" />
    <UnitTestResult executionId="0236725a-08f7-4d7f-9303-596121740a5b" testId="dfbf359d-fab7-6218-923b-35db0c33b9fa" testName="FS.GG.Coord.Cli.Tests.ClaimOverlapTests.#2801 board orchestrator promotes an idempotent external block ahead of ordinary work" computerName="c2756152e150" duration="00:00:00.0016979" startTime="2026-08-21T14:05:06.5183009+02:00" endTime="2026-08-21T14:05:06.5199358+02:00" testType="13cdc9d9-ddb5-4fa4-a97d-d965ccfc6d4b" outcome="Passed" testListId="8c84fa94-04c1-424b-9868-57a2d4851a1d" relativeResultsDirectory="0236725a-08f7-4d7f-9303-596121740a5b" />
    <UnitTestResult executionId="9ae3f4c7-8b34-4965-b598-d88253c7a8c5" testId="11ef81e7-8370-e156-5658-575ed3433a93" testName="FS.GG.Coord.Cli.Tests.ClaimOverlapTests.#2801 loser resume requires every winner-land rebase re-overlap re-widen and review predicate" computerName="c2756152e150" duration="00:00:00.0002821" startTime="2026-08-21T14:05:06.5256092+02:00" endTime="2026-08-21T14:05:06.5257959+02:00" testType="13cdc9d9-ddb5-4fa4-a97d-d965ccfc6d4b" outcome="Passed" testListId="8c84fa94-04c1-424b-9868-57a2d4851a1d" relativeResultsDirectory="9ae3f4c7-8b34-4965-b598-d88253c7a8c5" />
    <UnitTestResult executionId="4cd6f16c-1357-4855-a453-2c4ec8f945c0" testId="c234939e-71e5-7a94-6cc8-797c5f8ecc33" testName="FS.GG.Coord.Cli.Tests.ClaimOverlapTests.#2801 one-way wait and unrelated room are negative controls" computerName="c2756152e150" duration="00:00:00.0001997" startTime="2026-08-21T14:05:06.5093992+02:00" endTime="2026-08-21T14:05:06.5095586+02:00" testType="13cdc9d9-ddb5-4fa4-a97d-d965ccfc6d4b" outcome="Passed" testListId="8c84fa94-04c1-424b-9868-57a2d4851a1d" relativeResultsDirectory="4cd6f16c-1357-4855-a453-2c4ec8f945c0" />
    <UnitTestResult executionId="2c19e1b1-c9ed-4fb4-827c-959de8c375ab" testId="d75b285f-4cf6-0a7a-8d68-5246f2f041b8" testName="FS.GG.Coord.Cli.Tests.ClaimOverlapTests.#2801 compiled arbitration route records precedence and narrows loser while its claim remains held" computerName="c2756152e150" duration="00:00:00.0119366" startTime="2026-08-21T14:05:06.4850453+02:00" endTime="2026-08-21T14:05:06.4969703+02:00" testType="13cdc9d9-ddb5-4fa4-a97d-d965ccfc6d4b" outcome="Passed" testListId="8c84fa94-04c1-424b-9868-57a2d4851a1d" relativeResultsDirectory="2c19e1b1-c9ed-4fb4-827c-959de8c375ab" />
    <UnitTestResult executionId="4b77f276-a251-42a3-9760-a21eba65c3e6" testId="af418c72-3c5f-00a4-d62d-44d0a6e6b86b" testName="FS.GG.Coord.Cli.Tests.ClaimOverlapTests.#2801 detects the authoritative two-cycle independent of receipt and claim order" computerName="c2756152e150" duration="00:00:00.0013135" startTime="2026-08-21T14:05:06.5085826+02:00" endTime="2026-08-21T14:05:06.5086011+02:00" testType="13cdc9d9-ddb5-4fa4-a97d-d965ccfc6d4b" outcome="Passed" testListId="8c84fa94-04c1-424b-9868-57a2d4851a1d" relativeResultsDirectory="4b77f276-a251-42a3-9760-a21eba65c3e6" />
    <UnitTestResult executionId="856a0ad3-17ba-4552-840e-83b64085bd19" testId="164763f0-64ae-969f-6dfa-3f32d0ec9658" testName="FS.GG.Coord.Cli.Tests.ClaimOverlapTests.#2801 absent or expired authority permits only the next generation takeover" computerName="c2756152e150" duration="00:00:00.0035965" startTime="2026-08-21T14:05:06.4813176+02:00" endTime="2026-08-21T14:05:06.4844910+02:00" testType="13cdc9d9-ddb5-4fa4-a97d-d965ccfc6d4b" outcome="Passed" testListId="8c84fa94-04c1-424b-9868-57a2d4851a1d" relativeResultsDirectory="856a0ad3-17ba-4552-840e-83b64085bd19" />
    <UnitTestResult executionId="1876aeac-19be-444a-b197-c259c306b5fe" testId="cc53a011-fc95-8912-80a5-d974e390a7f1" testName="FS.GG.Coord.Cli.Tests.ClaimOverlapTests.#2459 claim warns on an OVERLAP by default and STILL claims (exit green)" computerName="c2756152e150" duration="00:00:00.0024819" startTime="2026-08-21T14:05:06.5157875+02:00" endTime="2026-08-21T14:05:06.5182209+02:00" testType="13cdc9d9-ddb5-4fa4-a97d-d965ccfc6d4b" outcome="Passed" testListId="8c84fa94-04c1-424b-9868-57a2d4851a1d" relativeResultsDirectory="1876aeac-19be-444a-b197-c259c306b5fe" />
    <UnitTestResult executionId="f406f85b-ff2d-4507-89e3-ae34aa4c0347" testId="6fdb8d6a-7b35-cbd8-4296-eb8045960a69" testName="FS.GG.Coord.Cli.Tests.ClaimOverlapTests.#2801 live board orchestrator makes external repo route instead of competing" computerName="c2756152e150" duration="00:00:00.0001360" startTime="2026-08-21T14:05:06.4970807+02:00" endTime="2026-08-21T14:05:06.4971167+02:00" testType="13cdc9d9-ddb5-4fa4-a97d-d965ccfc6d4b" outcome="Passed" testListId="8c84fa94-04c1-424b-9868-57a2d4851a1d" relativeResultsDirectory="f406f85b-ff2d-4507-89e3-ae34aa4c0347" />
    <UnitTestResult executionId="8d3b1850-187e-486d-b190-2343ac671752" testId="9418b9a0-be27-fc38-1aae-c96d7580727d" testName="FS.GG.Coord.Cli.Tests.ClaimOverlapTests.#2459 round-1: an UNREADABLE collision scan still WARNS-and-claims by default (AC2)" computerName="c2756152e150" duration="00:00:00.0011851" startTime="2026-08-21T14:05:06.5119145+02:00" endTime="2026-08-21T14:05:06.5130664+02:00" testType="13cdc9d9-ddb5-4fa4-a97d-d965ccfc6d4b" outcome="Passed" testListId="8c84fa94-04c1-424b-9868-57a2d4851a1d" relativeResultsDirectory="8d3b1850-187e-486d-b190-2343ac671752" />
    <UnitTestResult executionId="51e81319-f27c-4c8d-afaf-074e7034320e" testId="f8492a3b-d1d2-a52a-473f-baae8d3af452" testName="FS.GG.Coord.Cli.Tests.ClaimOverlapTests.#2459 round-1: claim --refuse-overlap REFUSES on an UNREADABLE collision scan (AC3)" computerName="c2756152e150" duration="00:00:00.0015487" startTime="2026-08-21T14:05:06.4971905+02:00" endTime="2026-08-21T14:05:06.4986865+02:00" testType="13cdc9d9-ddb5-4fa4-a97d-d965ccfc6d4b" outcome="Passed" testListId="8c84fa94-04c1-424b-9868-57a2d4851a1d" relativeResultsDirectory="51e81319-f27c-4c8d-afaf-074e7034320e" />
  </Results>
  <TestDefinitions>
    <UnitTest name="FS.GG.Coord.Cli.Tests.ClaimOverlapTests.#2459 claim on a DISJOINT touch-set never warns, with or without --refuse-overlap" storage="/home/developer/fsgg-driver/worktrees/2801-heron-e66a/tests/fs.gg.coord.cli.tests/bin/release/net10.0/fs.gg.coord.cli.tests.dll" id="1966acb2-428c-e14b-ccf8-7d2ef5943bad">
      <Execution id="89917ba1-8812-4755-89ed-536389b70a94" />
      <TestMethod codeBase="/home/developer/fsgg-driver/worktrees/2801-heron-e66a/tests/FS.GG.Coord.Cli.Tests/bin/Release/net10.0/FS.GG.Coord.Cli.Tests.dll" adapterTypeName="executor://xunit/VsTestRunner3/netcore/" className="FS.GG.Coord.Cli.Tests.ClaimOverlapTests" name="#2459 claim on a DISJOINT touch-set never warns, with or without --refuse-overlap" />
    </UnitTest>
    <UnitTest name="FS.GG.Coord.Cli.Tests.ClaimOverlapTests.#2801 detector refuses unreadable self stale missing changed nonoverlap dependency and conflict inversions" storage="/home/developer/fsgg-driver/worktrees/2801-heron-e66a/tests/fs.gg.coord.cli.tests/bin/release/net10.0/fs.gg.coord.cli.tests.dll" id="0ebbacd4-4c7c-e080-760a-72c849a9246b">
      <Execution id="710830bd-e314-4333-baf2-d4f09c74fdf9" />
      <TestMethod codeBase="/home/developer/fsgg-driver/worktrees/2801-heron-e66a/tests/FS.GG.Coord.Cli.Tests/bin/Release/net10.0/FS.GG.Coord.Cli.Tests.dll" adapterTypeName="executor://xunit/VsTestRunner3/netcore/" className="FS.GG.Coord.Cli.Tests.ClaimOverlapTests" name="#2801 detector refuses unreadable self stale missing changed nonoverlap dependency and conflict inversions" />
    </UnitTest>
    <UnitTest name="FS.GG.Coord.Cli.Tests.ClaimOverlapTests.#2801 loser resume requires every winner-land rebase re-overlap re-widen and review predicate" storage="/home/developer/fsgg-driver/worktrees/2801-heron-e66a/tests/fs.gg.coord.cli.tests/bin/release/net10.0/fs.gg.coord.cli.tests.dll" id="11ef81e7-8370-e156-5658-575ed3433a93">
      <Execution id="9ae3f4c7-8b34-4965-b598-d88253c7a8c5" />
      <TestMethod codeBase="/home/developer/fsgg-driver/worktrees/2801-heron-e66a/tests/FS.GG.Coord.Cli.Tests/bin/Release/net10.0/FS.GG.Coord.Cli.Tests.dll" adapterTypeName="executor://xunit/VsTestRunner3/netcore/" className="FS.GG.Coord.Cli.Tests.ClaimOverlapTests" name="#2801 loser resume requires every winner-land rebase re-overlap re-widen and review predicate" />
    </UnitTest>
    <UnitTest name="FS.GG.Coord.Cli.Tests.ClaimOverlapTests.#2801 one-way wait and unrelated room are negative controls" storage="/home/developer/fsgg-driver/worktrees/2801-heron-e66a/tests/fs.gg.coord.cli.tests/bin/release/net10.0/fs.gg.coord.cli.tests.dll" id="c234939e-71e5-7a94-6cc8-797c5f8ecc33">
      <Execution id="4cd6f16c-1357-4855-a453-2c4ec8f945c0" />
      <TestMethod codeBase="/home/developer/fsgg-driver/worktrees/2801-heron-e66a/tests/FS.GG.Coord.Cli.Tests/bin/Release/net10.0/FS.GG.Coord.Cli.Tests.dll" adapterTypeName="executor://xunit/VsTestRunner3/netcore/" className="FS.GG.Coord.Cli.Tests.ClaimOverlapTests" name="#2801 one-way wait and unrelated room are negative controls" />
    </UnitTest>
    <UnitTest name="FS.GG.Coord.Cli.Tests.ClaimOverlapTests.#2801 live board orchestrator makes external repo route instead of competing" storage="/home/developer/fsgg-driver/worktrees/2801-heron-e66a/tests/fs.gg.coord.cli.tests/bin/release/net10.0/fs.gg.coord.cli.tests.dll" id="6fdb8d6a-7b35-cbd8-4296-eb8045960a69">
      <Execution id="f406f85b-ff2d-4507-89e3-ae34aa4c0347" />
      <TestMethod codeBase="/home/developer/fsgg-driver/worktrees/2801-heron-e66a/tests/FS.GG.Coord.Cli.Tests/bin/Release/net10.0/FS.GG.Coord.Cli.Tests.dll" adapterTypeName="executor://xunit/VsTestRunner3/netcore/" className="FS.GG.Coord.Cli.Tests.ClaimOverlapTests" name="#2801 live board orchestrator makes external repo route instead of competing" />
    </UnitTest>
    <UnitTest name="FS.GG.Coord.Cli.Tests.ClaimOverlapTests.#2801 request written under a stale A generation fails closed" storage="/home/developer/fsgg-driver/worktrees/2801-heron-e66a/tests/fs.gg.coord.cli.tests/bin/release/net10.0/fs.gg.coord.cli.tests.dll" id="6a3bb3b9-6699-292d-bd87-85faed3ca294">
      <Execution id="d3578f4c-8a71-4678-94d3-efa26ebb4be5" />
      <TestMethod codeBase="/home/developer/fsgg-driver/worktrees/2801-heron-e66a/tests/FS.GG.Coord.Cli.Tests/bin/Release/net10.0/FS.GG.Coord.Cli.Tests.dll" adapterTypeName="executor://xunit/VsTestRunner3/netcore/" className="FS.GG.Coord.Cli.Tests.ClaimOverlapTests" name="#2801 request written under a stale A generation fails closed" />
    </UnitTest>
    <UnitTest name="FS.GG.Coord.Cli.Tests.ClaimOverlapTests.#2801 compiled reciprocal wait route creates one automatic room and backrefs both items" storage="/home/developer/fsgg-driver/worktrees/2801-heron-e66a/tests/fs.gg.coord.cli.tests/bin/release/net10.0/fs.gg.coord.cli.tests.dll" id="2afa83dd-b79e-084b-dca3-4b03b9a3e3dc">
      <Execution id="1b8b1bbc-fa9b-40cd-bcb8-d1302743e096" />
      <TestMethod codeBase="/home/developer/fsgg-driver/worktrees/2801-heron-e66a/tests/FS.GG.Coord.Cli.Tests/bin/Release/net10.0/FS.GG.Coord.Cli.Tests.dll" adapterTypeName="executor://xunit/VsTestRunner3/netcore/" className="FS.GG.Coord.Cli.Tests.ClaimOverlapTests" name="#2801 compiled reciprocal wait route creates one automatic room and backrefs both items" />
    </UnitTest>
    <UnitTest name="FS.GG.Coord.Cli.Tests.ClaimOverlapTests.#2459 round-1: claim --refuse-overlap REFUSES on an UNREADABLE collision scan (AC3)" storage="/home/developer/fsgg-driver/worktrees/2801-heron-e66a/tests/fs.gg.coord.cli.tests/bin/release/net10.0/fs.gg.coord.cli.tests.dll" id="f8492a3b-d1d2-a52a-473f-baae8d3af452">
      <Execution id="51e81319-f27c-4c8d-afaf-074e7034320e" />
      <TestMethod codeBase="/home/developer/fsgg-driver/worktrees/2801-heron-e66a/tests/FS.GG.Coord.Cli.Tests/bin/Release/net10.0/FS.GG.Coord.Cli.Tests.dll" adapterTypeName="executor://xunit/VsTestRunner3/netcore/" className="FS.GG.Coord.Cli.Tests.ClaimOverlapTests" name="#2459 round-1: claim --refuse-overlap REFUSES on an UNREADABLE collision scan (AC3)" />
    </UnitTest>
    <UnitTest name="FS.GG.Coord.Cli.Tests.ClaimOverlapTests.#2459 claim --refuse-overlap REFUSES an overlapping claim instead of warning" storage="/home/developer/fsgg-driver/worktrees/2801-heron-e66a/tests/fs.gg.coord.cli.tests/bin/release/net10.0/fs.gg.coord.cli.tests.dll" id="ef137562-1619-136c-edb8-5c756af7bd72">
      <Execution id="a1ff22db-8798-4570-97ae-16e1762b06f0" />
      <TestMethod codeBase="/home/developer/fsgg-driver/worktrees/2801-heron-e66a/tests/FS.GG.Coord.Cli.Tests/bin/Release/net10.0/FS.GG.Coord.Cli.Tests.dll" adapterTypeName="executor://xunit/VsTestRunner3/netcore/" className="FS.GG.Coord.Cli.Tests.ClaimOverlapTests" name="#2459 claim --refuse-overlap REFUSES an overlapping claim instead of warning" />
    </UnitTest>
    <UnitTest name="FS.GG.Coord.Cli.Tests.ClaimOverlapTests.#2801 compiled overlap wait route writes one generation-bound receipt and is retry-idempotent" storage="/home/developer/fsgg-driver/worktrees/2801-heron-e66a/tests/fs.gg.coord.cli.tests/bin/release/net10.0/fs.gg.coord.cli.tests.dll" id="cee039ad-9e38-316a-54b2-1a2d3a6869dc">
      <Execution id="a209896f-c654-498c-8df2-87516fd893fb" />
      <TestMethod codeBase="/home/developer/fsgg-driver/worktrees/2801-heron-e66a/tests/FS.GG.Coord.Cli.Tests/bin/Release/net10.0/FS.GG.Coord.Cli.Tests.dll" adapterTypeName="executor://xunit/VsTestRunner3/netcore/" className="FS.GG.Coord.Cli.Tests.ClaimOverlapTests" name="#2801 compiled overlap wait route writes one generation-bound receipt and is retry-idempotent" />
    </UnitTest>
    <UnitTest name="FS.GG.Coord.Cli.Tests.ClaimOverlapTests.#2801 compiled no-A route acquires one authoritative board-orchestrator generation" storage="/home/developer/fsgg-driver/worktrees/2801-heron-e66a/tests/fs.gg.coord.cli.tests/bin/release/net10.0/fs.gg.coord.cli.tests.dll" id="d769efce-dcca-5d0e-1147-92193a9ee8e8">
      <Execution id="b1ed3d9d-c403-4f9e-a137-7747b3da99dd" />
      <TestMethod codeBase="/home/developer/fsgg-driver/worktrees/2801-heron-e66a/tests/FS.GG.Coord.Cli.Tests/bin/Release/net10.0/FS.GG.Coord.Cli.Tests.dll" adapterTypeName="executor://xunit/VsTestRunner3/netcore/" className="FS.GG.Coord.Cli.Tests.ClaimOverlapTests" name="#2801 compiled no-A route acquires one authoritative board-orchestrator generation" />
    </UnitTest>
    <UnitTest name="FS.GG.Coord.Cli.Tests.ClaimOverlapTests.#2801 absent or expired authority permits only the next generation takeover" storage="/home/developer/fsgg-driver/worktrees/2801-heron-e66a/tests/fs.gg.coord.cli.tests/bin/release/net10.0/fs.gg.coord.cli.tests.dll" id="164763f0-64ae-969f-6dfa-3f32d0ec9658">
      <Execution id="856a0ad3-17ba-4552-840e-83b64085bd19" />
      <TestMethod codeBase="/home/developer/fsgg-driver/worktrees/2801-heron-e66a/tests/FS.GG.Coord.Cli.Tests/bin/Release/net10.0/FS.GG.Coord.Cli.Tests.dll" adapterTypeName="executor://xunit/VsTestRunner3/netcore/" className="FS.GG.Coord.Cli.Tests.ClaimOverlapTests" name="#2801 absent or expired authority permits only the next generation takeover" />
    </UnitTest>
    <UnitTest name="FS.GG.Coord.Cli.Tests.ClaimOverlapTests.#2459 round-1: an UNREADABLE collision scan still WARNS-and-claims by default (AC2)" storage="/home/developer/fsgg-driver/worktrees/2801-heron-e66a/tests/fs.gg.coord.cli.tests/bin/release/net10.0/fs.gg.coord.cli.tests.dll" id="9418b9a0-be27-fc38-1aae-c96d7580727d">
      <Execution id="8d3b1850-187e-486d-b190-2343ac671752" />
      <TestMethod codeBase="/home/developer/fsgg-driver/worktrees/2801-heron-e66a/tests/FS.GG.Coord.Cli.Tests/bin/Release/net10.0/FS.GG.Coord.Cli.Tests.dll" adapterTypeName="executor://xunit/VsTestRunner3/netcore/" className="FS.GG.Coord.Cli.Tests.ClaimOverlapTests" name="#2459 round-1: an UNREADABLE collision scan still WARNS-and-claims by default (AC2)" />
    </UnitTest>
    <UnitTest name="FS.GG.Coord.Cli.Tests.ClaimOverlapTests.#2801 two-B generation race never authorizes two live orchestrators" storage="/home/developer/fsgg-driver/worktrees/2801-heron-e66a/tests/fs.gg.coord.cli.tests/bin/release/net10.0/fs.gg.coord.cli.tests.dll" id="69659e2c-5f4b-c5f2-1415-5ca3bbfed437">
      <Execution id="ecb69941-c448-49b0-98e9-c2d030273f90" />
      <TestMethod codeBase="/home/developer/fsgg-driver/worktrees/2801-heron-e66a/tests/FS.GG.Coord.Cli.Tests/bin/Release/net10.0/FS.GG.Coord.Cli.Tests.dll" adapterTypeName="executor://xunit/VsTestRunner3/netcore/" className="FS.GG.Coord.Cli.Tests.ClaimOverlapTests" name="#2801 two-B generation race never authorizes two live orchestrators" />
    </UnitTest>
    <UnitTest name="FS.GG.Coord.Cli.Tests.ClaimOverlapTests.#2801 detects the authoritative two-cycle independent of receipt and claim order" storage="/home/developer/fsgg-driver/worktrees/2801-heron-e66a/tests/fs.gg.coord.cli.tests/bin/release/net10.0/fs.gg.coord.cli.tests.dll" id="af418c72-3c5f-00a4-d62d-44d0a6e6b86b">
      <Execution id="4b77f276-a251-42a3-9760-a21eba65c3e6" />
      <TestMethod codeBase="/home/developer/fsgg-driver/worktrees/2801-heron-e66a/tests/FS.GG.Coord.Cli.Tests/bin/Release/net10.0/FS.GG.Coord.Cli.Tests.dll" adapterTypeName="executor://xunit/VsTestRunner3/netcore/" className="FS.GG.Coord.Cli.Tests.ClaimOverlapTests" name="#2801 detects the authoritative two-cycle independent of receipt and claim order" />
    </UnitTest>
    <UnitTest name="FS.GG.Coord.Cli.Tests.ClaimOverlapTests.#2801 precedence refuses missing same-revision stale-chain participant digest and unmeasured reversal inversions" storage="/home/developer/fsgg-driver/worktrees/2801-heron-e66a/tests/fs.gg.coord.cli.tests/bin/release/net10.0/fs.gg.coord.cli.tests.dll" id="995e8f00-a1e2-dc54-9aa5-8d295424e8f7">
      <Execution id="313dd517-7758-447f-8210-ab675e3ec610" />
      <TestMethod codeBase="/home/developer/fsgg-driver/worktrees/2801-heron-e66a/tests/FS.GG.Coord.Cli.Tests/bin/Release/net10.0/FS.GG.Coord.Cli.Tests.dll" adapterTypeName="executor://xunit/VsTestRunner3/netcore/" className="FS.GG.Coord.Cli.Tests.ClaimOverlapTests" name="#2801 precedence refuses missing same-revision stale-chain participant digest and unmeasured reversal inversions" />
    </UnitTest>
    <UnitTest name="FS.GG.Coord.Cli.Tests.ClaimOverlapTests.#2459 claim with no other live claim at all never warns" storage="/home/developer/fsgg-driver/worktrees/2801-heron-e66a/tests/fs.gg.coord.cli.tests/bin/release/net10.0/fs.gg.coord.cli.tests.dll" id="39ff3cff-dce2-d166-c5a2-c15ecc2a1f6a">
      <Execution id="2e0e8efb-19ca-4589-8944-5c5dcad65908" />
      <TestMethod codeBase="/home/developer/fsgg-driver/worktrees/2801-heron-e66a/tests/FS.GG.Coord.Cli.Tests/bin/Release/net10.0/FS.GG.Coord.Cli.Tests.dll" adapterTypeName="executor://xunit/VsTestRunner3/netcore/" className="FS.GG.Coord.Cli.Tests.ClaimOverlapTests" name="#2459 claim with no other live claim at all never warns" />
    </UnitTest>
    <UnitTest name="FS.GG.Coord.Cli.Tests.ClaimOverlapTests.#2801 compiled arbitration route records precedence and narrows loser while its claim remains held" storage="/home/developer/fsgg-driver/worktrees/2801-heron-e66a/tests/fs.gg.coord.cli.tests/bin/release/net10.0/fs.gg.coord.cli.tests.dll" id="d75b285f-4cf6-0a7a-8d68-5246f2f041b8">
      <Execution id="2c19e1b1-c9ed-4fb4-827c-959de8c375ab" />
      <TestMethod codeBase="/home/developer/fsgg-driver/worktrees/2801-heron-e66a/tests/FS.GG.Coord.Cli.Tests/bin/Release/net10.0/FS.GG.Coord.Cli.Tests.dll" adapterTypeName="executor://xunit/VsTestRunner3/netcore/" className="FS.GG.Coord.Cli.Tests.ClaimOverlapTests" name="#2801 compiled arbitration route records precedence and narrows loser while its claim remains held" />
    </UnitTest>
    <UnitTest name="FS.GG.Coord.Cli.Tests.ClaimOverlapTests.#2801 board orchestrator promotes an idempotent external block ahead of ordinary work" storage="/home/developer/fsgg-driver/worktrees/2801-heron-e66a/tests/fs.gg.coord.cli.tests/bin/release/net10.0/fs.gg.coord.cli.tests.dll" id="dfbf359d-fab7-6218-923b-35db0c33b9fa">
      <Execution id="0236725a-08f7-4d7f-9303-596121740a5b" />
      <TestMethod codeBase="/home/developer/fsgg-driver/worktrees/2801-heron-e66a/tests/FS.GG.Coord.Cli.Tests/bin/Release/net10.0/FS.GG.Coord.Cli.Tests.dll" adapterTypeName="executor://xunit/VsTestRunner3/netcore/" className="FS.GG.Coord.Cli.Tests.ClaimOverlapTests" name="#2801 board orchestrator promotes an idempotent external block ahead of ordinary work" />
    </UnitTest>
    <UnitTest name="FS.GG.Coord.Cli.Tests.ClaimOverlapTests.#2459 claim warns on an OVERLAP by default and STILL claims (exit green)" storage="/home/developer/fsgg-driver/worktrees/2801-heron-e66a/tests/fs.gg.coord.cli.tests/bin/release/net10.0/fs.gg.coord.cli.tests.dll" id="cc53a011-fc95-8912-80a5-d974e390a7f1">
      <Execution id="1876aeac-19be-444a-b197-c259c306b5fe" />
      <TestMethod codeBase="/home/developer/fsgg-driver/worktrees/2801-heron-e66a/tests/FS.GG.Coord.Cli.Tests/bin/Release/net10.0/FS.GG.Coord.Cli.Tests.dll" adapterTypeName="executor://xunit/VsTestRunner3/netcore/" className="FS.GG.Coord.Cli.Tests.ClaimOverlapTests" name="#2459 claim warns on an OVERLAP by default and STILL claims (exit green)" />
    </UnitTest>
    <UnitTest name="FS.GG.Coord.Cli.Tests.ClaimOverlapTests.#2801 precedence accepts one current revision and measured digest-linked reversal" storage="/home/developer/fsgg-driver/worktrees/2801-heron-e66a/tests/fs.gg.coord.cli.tests/bin/release/net10.0/fs.gg.coord.cli.tests.dll" id="1cab8ca5-b27b-eaec-125d-715365d5755a">
      <Execution id="aeb33f9b-1ae1-4eea-ac8e-3ba5307a4abc" />
      <TestMethod codeBase="/home/developer/fsgg-driver/worktrees/2801-heron-e66a/tests/FS.GG.Coord.Cli.Tests/bin/Release/net10.0/FS.GG.Coord.Cli.Tests.dll" adapterTypeName="executor://xunit/VsTestRunner3/netcore/" className="FS.GG.Coord.Cli.Tests.ClaimOverlapTests" name="#2801 precedence accepts one current revision and measured digest-linked reversal" />
    </UnitTest>
  </TestDefinitions>
  <TestEntries>
    <TestEntry testId="cee039ad-9e38-316a-54b2-1a2d3a6869dc" executionId="a209896f-c654-498c-8df2-87516fd893fb" testListId="8c84fa94-04c1-424b-9868-57a2d4851a1d" />
    <TestEntry testId="d769efce-dcca-5d0e-1147-92193a9ee8e8" executionId="b1ed3d9d-c403-4f9e-a137-7747b3da99dd" testListId="8c84fa94-04c1-424b-9868-57a2d4851a1d" />
    <TestEntry testId="ef137562-1619-136c-edb8-5c756af7bd72" executionId="a1ff22db-8798-4570-97ae-16e1762b06f0" testListId="8c84fa94-04c1-424b-9868-57a2d4851a1d" />
    <TestEntry testId="2afa83dd-b79e-084b-dca3-4b03b9a3e3dc" executionId="1b8b1bbc-fa9b-40cd-bcb8-d1302743e096" testListId="8c84fa94-04c1-424b-9868-57a2d4851a1d" />
    <TestEntry testId="1966acb2-428c-e14b-ccf8-7d2ef5943bad" executionId="89917ba1-8812-4755-89ed-536389b70a94" testListId="8c84fa94-04c1-424b-9868-57a2d4851a1d" />
    <TestEntry testId="69659e2c-5f4b-c5f2-1415-5ca3bbfed437" executionId="ecb69941-c448-49b0-98e9-c2d030273f90" testListId="8c84fa94-04c1-424b-9868-57a2d4851a1d" />
    <TestEntry testId="6a3bb3b9-6699-292d-bd87-85faed3ca294" executionId="d3578f4c-8a71-4678-94d3-efa26ebb4be5" testListId="8c84fa94-04c1-424b-9868-57a2d4851a1d" />
    <TestEntry testId="39ff3cff-dce2-d166-c5a2-c15ecc2a1f6a" executionId="2e0e8efb-19ca-4589-8944-5c5dcad65908" testListId="8c84fa94-04c1-424b-9868-57a2d4851a1d" />
    <TestEntry testId="0ebbacd4-4c7c-e080-760a-72c849a9246b" executionId="710830bd-e314-4333-baf2-d4f09c74fdf9" testListId="8c84fa94-04c1-424b-9868-57a2d4851a1d" />
    <TestEntry testId="1cab8ca5-b27b-eaec-125d-715365d5755a" executionId="aeb33f9b-1ae1-4eea-ac8e-3ba5307a4abc" testListId="8c84fa94-04c1-424b-9868-57a2d4851a1d" />
    <TestEntry testId="995e8f00-a1e2-dc54-9aa5-8d295424e8f7" executionId="313dd517-7758-447f-8210-ab675e3ec610" testListId="8c84fa94-04c1-424b-9868-57a2d4851a1d" />
    <TestEntry testId="dfbf359d-fab7-6218-923b-35db0c33b9fa" executionId="0236725a-08f7-4d7f-9303-596121740a5b" testListId="8c84fa94-04c1-424b-9868-57a2d4851a1d" />
    <TestEntry testId="11ef81e7-8370-e156-5658-575ed3433a93" executionId="9ae3f4c7-8b34-4965-b598-d88253c7a8c5" testListId="8c84fa94-04c1-424b-9868-57a2d4851a1d" />
    <TestEntry testId="c234939e-71e5-7a94-6cc8-797c5f8ecc33" executionId="4cd6f16c-1357-4855-a453-2c4ec8f945c0" testListId="8c84fa94-04c1-424b-9868-57a2d4851a1d" />
    <TestEntry testId="d75b285f-4cf6-0a7a-8d68-5246f2f041b8" executionId="2c19e1b1-c9ed-4fb4-827c-959de8c375ab" testListId="8c84fa94-04c1-424b-9868-57a2d4851a1d" />
    <TestEntry testId="af418c72-3c5f-00a4-d62d-44d0a6e6b86b" executionId="4b77f276-a251-42a3-9760-a21eba65c3e6" testListId="8c84fa94-04c1-424b-9868-57a2d4851a1d" />
    <TestEntry testId="164763f0-64ae-969f-6dfa-3f32d0ec9658" executionId="856a0ad3-17ba-4552-840e-83b64085bd19" testListId="8c84fa94-04c1-424b-9868-57a2d4851a1d" />
    <TestEntry testId="cc53a011-fc95-8912-80a5-d974e390a7f1" executionId="1876aeac-19be-444a-b197-c259c306b5fe" testListId="8c84fa94-04c1-424b-9868-57a2d4851a1d" />
    <TestEntry testId="6fdb8d6a-7b35-cbd8-4296-eb8045960a69" executionId="f406f85b-ff2d-4507-89e3-ae34aa4c0347" testListId="8c84fa94-04c1-424b-9868-57a2d4851a1d" />
    <TestEntry testId="9418b9a0-be27-fc38-1aae-c96d7580727d" executionId="8d3b1850-187e-486d-b190-2343ac671752" testListId="8c84fa94-04c1-424b-9868-57a2d4851a1d" />
    <TestEntry testId="f8492a3b-d1d2-a52a-473f-baae8d3af452" executionId="51e81319-f27c-4c8d-afaf-074e7034320e" testListId="8c84fa94-04c1-424b-9868-57a2d4851a1d" />
  </TestEntries>
  <TestLists>
    <TestList name="Results Not in a List" id="8c84fa94-04c1-424b-9868-57a2d4851a1d" />
    <TestList name="All Loaded Results" id="19431567-8539-422a-85d7-44ee4e166bda" />
  </TestLists>
  <ResultSummary outcome="Completed">
    <Counters total="21" executed="21" passed="21" failed="0" error="0" timeout="0" aborted="0" inconclusive="0" passedButRunAborted="0" notRunnable="0" notExecuted="0" disconnected="0" warning="0" completed="0" inProgress="0" pending="0" />
    <Output>
      <StdOut>[xUnit.net 00:00:00.00] xUnit.net VSTest Adapter v3.1.5+1b188a7b0a (64-bit .NET 10.0.10)
[xUnit.net 00:00:00.06]   Discovering: FS.GG.Coord.Cli.Tests
[xUnit.net 00:00:00.11]   Discovered:  FS.GG.Coord.Cli.Tests
[xUnit.net 00:00:00.12]   Starting:    FS.GG.Coord.Cli.Tests
[xUnit.net 00:00:00.36]   Finished:    FS.GG.Coord.Cli.Tests
</StdOut>
    </Output>
  </ResultSummary>
</TestRun>